
 Start         Length     Name                   Class
 0001:00401000 000F23B4H .text                   CODE
 0002:004F4000 00000CE8H .itext                  ICODE
 0003:004F5000 0000C454H .data                   DATA
 0004:00502000 0000A328H .bss                    BSS
 0005:00000000 0000003CH .tls                    TLS


Detailed map of segments

 0001:00000000 00008F49 C=CODE     S=.text    G=(none)   M=System   ACBP=A9
 0001:00008F4C 0000010D C=CODE     S=.text    G=(none)   M=SysInit  ACBP=A9
 0001:0000905C 00000428 C=CODE     S=.text    G=(none)   M=Types    ACBP=A9
 0001:00009484 00001ABD C=CODE     S=.text    G=(none)   M=Windows  ACBP=A9
 0001:0000AF44 00000255 C=CODE     S=.text    G=(none)   M=Messages ACBP=A9
 0001:0000B19C 00000192 C=CODE     S=.text    G=(none)   M=ActiveX  ACBP=A9
 0001:0000B330 000002AC C=CODE     S=.text    G=(none)   M=CommCtrl ACBP=A9
 0001:0000B5DC 00000338 C=CODE     S=.text    G=(none)   M=SysConst ACBP=A9
 0001:0000B914 000001B0 C=CODE     S=.text    G=(none)   M=RTLConsts ACBP=A9
 0001:0000BAC4 00000230 C=CODE     S=.text    G=(none)   M=Character ACBP=A9
 0001:0000BCF4 00000155 C=CODE     S=.text    G=(none)   M=StrUtils ACBP=A9
 0001:0000BE4C 000101BF C=CODE     S=.text    G=(none)   M=SysUtils ACBP=A9
 0001:0001C00C 000007D3 C=CODE     S=.text    G=(none)   M=VarUtils ACBP=A9
 0001:0001C7E0 0000818C C=CODE     S=.text    G=(none)   M=Variants ACBP=A9
 0001:0002496C 0000180B C=CODE     S=.text    G=(none)   M=TypInfo  ACBP=A9
 0001:00026178 000194C8 C=CODE     S=.text    G=(none)   M=Classes  ACBP=A9
 0001:0003F640 000002B0 C=CODE     S=.text    G=(none)   M=TimeSpan ACBP=A9
 0001:0003F8F0 000014EB C=CODE     S=.text    G=(none)   M=SyncObjs ACBP=A9
 0001:00040DDC 00000D46 C=CODE     S=.text    G=(none)   M=UxTheme  ACBP=A9
 0001:00041B24 0000005B C=CODE     S=.text    G=(none)   M=Dwmapi   ACBP=A9
 0001:00041B80 0000038D C=CODE     S=.text    G=(none)   M=Contnrs  ACBP=A9
 0001:00041F10 00001FDE C=CODE     S=.text    G=(none)   M=HelpIntfs ACBP=A9
 0001:00043EF0 0000086B C=CODE     S=.text    G=(none)   M=MultiMon ACBP=A9
 0001:0004475C 00000094 C=CODE     S=.text    G=(none)   M=Wincodec ACBP=A9
 0001:000447F0 00000358 C=CODE     S=.text    G=(none)   M=Consts   ACBP=A9
 0001:00044B48 000000FC C=CODE     S=.text    G=(none)   M=IOUtils  ACBP=A9
 0001:00044C44 0000007F C=CODE     S=.text    G=(none)   M=IniFiles ACBP=A9
 0001:00044CC4 000030A2 C=CODE     S=.text    G=(none)   M=Registry ACBP=A9
 0001:00047D68 00011AC4 C=CODE     S=.text    G=(none)   M=Graphics ACBP=A9
 0001:0005982C 0000178A C=CODE     S=.text    G=(none)   M=GraphUtil ACBP=A9
 0001:0005AFB8 000001B8 C=CODE     S=.text    G=(none)   M=ShlObj   ACBP=A9
 0001:0005B170 0000BE78 C=CODE     S=.text    G=(none)   M=StdCtrls ACBP=A9
 0001:00066FE8 00000256 C=CODE     S=.text    G=(none)   M=CommDlg  ACBP=A9
 0001:00067240 00000026 C=CODE     S=.text    G=(none)   M=WinSpool ACBP=A9
 0001:00067268 00001DDB C=CODE     S=.text    G=(none)   M=Printers ACBP=A9
 0001:00069044 00000047 C=CODE     S=.text    G=(none)   M=WideStrUtils ACBP=A9
 0001:0006908C 00000013 C=CODE     S=.text    G=(none)   M=Clipbrd  ACBP=A9
 0001:000690A0 00001483 C=CODE     S=.text    G=(none)   M=ExtCtrls ACBP=A9
 0001:0006A524 00000461 C=CODE     S=.text    G=(none)   M=ComCtrls ACBP=A9
 0001:0006A988 0000ADF4 C=CODE     S=.text    G=(none)   M=Dialogs  ACBP=A9
 0001:0007577C 00000189 C=CODE     S=.text    G=(none)   M=StdActns ACBP=A9
 0001:00075908 00000387 C=CODE     S=.text    G=(none)   M=FlatSB   ACBP=A9
 0001:00075C90 00009E75 C=CODE     S=.text    G=(none)   M=Menus    ACBP=A9
 0001:0007FB08 0001FF80 C=CODE     S=.text    G=(none)   M=Controls ACBP=A9
 0001:0009FA88 0000580E C=CODE     S=.text    G=(none)   M=Themes   ACBP=A9
 0001:000A5298 00003961 C=CODE     S=.text    G=(none)   M=ImgList  ACBP=A9
 0001:000A8BFC 0000235F C=CODE     S=.text    G=(none)   M=ActnList ACBP=A9
 0001:000AAF5C 000156DD C=CODE     S=.text    G=(none)   M=Forms    ACBP=A9
 0001:000C063C 0000062B C=CODE     S=.text    G=(none)   M=DCPbase64 ACBP=A9
 0001:000C0C68 00001482 C=CODE     S=.text    G=(none)   M=DCPcrypt2 ACBP=A9
 0001:000C20EC 00002B94 C=CODE     S=.text    G=(none)   M=DCPtiger ACBP=A9
 0001:000C4C80 00009A80 C=CODE     S=.text    G=(none)   M=DCPsha512 ACBP=A9
 0001:000CE700 00002C40 C=CODE     S=.text    G=(none)   M=DCPsha256 ACBP=A9
 0001:000D1340 00001908 C=CODE     S=.text    G=(none)   M=DCPsha1  ACBP=A9
 0001:000D2C48 000027EC C=CODE     S=.text    G=(none)   M=DCPripemd160 ACBP=A9
 0001:000D5434 00001544 C=CODE     S=.text    G=(none)   M=DCPripemd128 ACBP=A9
 0001:000D6978 00000EF4 C=CODE     S=.text    G=(none)   M=DCPmd5   ACBP=A9
 0001:000D786C 00000A80 C=CODE     S=.text    G=(none)   M=DCPmd4   ACBP=A9
 0001:000D82EC 000034E4 C=CODE     S=.text    G=(none)   M=DCPhaval ACBP=A9
 0001:000DB7D0 000020AC C=CODE     S=.text    G=(none)   M=DCPblockciphers ACBP=A9
 0001:000DD87C 00001633 C=CODE     S=.text    G=(none)   M=DCPtwofish ACBP=A9
 0001:000DEEB0 000004B4 C=CODE     S=.text    G=(none)   M=DCPtea   ACBP=A9
 0001:000DF364 00002264 C=CODE     S=.text    G=(none)   M=DCPserpent ACBP=A9
 0001:000E15C8 00000E29 C=CODE     S=.text    G=(none)   M=DCPrijndael ACBP=A9
 0001:000E23F4 00000678 C=CODE     S=.text    G=(none)   M=DCPrc4   ACBP=A9
 0001:000E2A6C 000006C8 C=CODE     S=.text    G=(none)   M=DCPrc2   ACBP=A9
 0001:000E3134 00000D8F C=CODE     S=.text    G=(none)   M=DCPice   ACBP=A9
 0001:000E3EC4 00001678 C=CODE     S=.text    G=(none)   M=DCPdes   ACBP=A9
 0001:000E553C 00001798 C=CODE     S=.text    G=(none)   M=DCPcast128 ACBP=A9
 0001:000E6CD4 00001000 C=CODE     S=.text    G=(none)   M=DCPblowfish ACBP=A9
 0001:000E7CD4 000037F2 C=CODE     S=.text    G=(none)   M=Buttons  ACBP=A9
 0001:000EB4C8 0000207A C=CODE     S=.text    G=(none)   M=uMain    ACBP=A9
 0001:000ED544 00004E6F C=CODE     S=.text    G=(none)   M=FileEncrypt ACBP=A9
 0002:00000000 000000AA C=ICODE    S=.itext   G=(none)   M=System   ACBP=A9
 0002:000000AC 00000016 C=ICODE    S=.itext   G=(none)   M=Windows  ACBP=A9
 0002:000000C4 000000B4 C=ICODE    S=.itext   G=(none)   M=SysUtils ACBP=A9
 0002:00000178 0000000F C=ICODE    S=.itext   G=(none)   M=VarUtils ACBP=A9
 0002:00000188 000000AA C=ICODE    S=.itext   G=(none)   M=Variants ACBP=A9
 0002:00000234 00000008 C=ICODE    S=.itext   G=(none)   M=TypInfo  ACBP=A9
 0002:0000023C 0000009D C=ICODE    S=.itext   G=(none)   M=Classes  ACBP=A9
 0002:000002DC 00000032 C=ICODE    S=.itext   G=(none)   M=TimeSpan ACBP=A9
 0002:00000310 0000000F C=ICODE    S=.itext   G=(none)   M=SyncObjs ACBP=A9
 0002:00000320 0000001B C=ICODE    S=.itext   G=(none)   M=UxTheme  ACBP=A9
 0002:0000033C 00000008 C=ICODE    S=.itext   G=(none)   M=HelpIntfs ACBP=A9
 0002:00000344 0000000F C=ICODE    S=.itext   G=(none)   M=MultiMon ACBP=A9
 0002:00000354 00000460 C=ICODE    S=.itext   G=(none)   M=IOUtils  ACBP=A9
 0002:000007B4 00000008 C=ICODE    S=.itext   G=(none)   M=IniFiles ACBP=A9
 0002:000007BC 00000008 C=ICODE    S=.itext   G=(none)   M=Registry ACBP=A9
 0002:000007C4 000000FB C=ICODE    S=.itext   G=(none)   M=Graphics ACBP=A9
 0002:000008C0 00000086 C=ICODE    S=.itext   G=(none)   M=GraphUtil ACBP=A9
 0002:00000948 00000008 C=ICODE    S=.itext   G=(none)   M=Printers ACBP=A9
 0002:00000950 00000078 C=ICODE    S=.itext   G=(none)   M=Clipbrd  ACBP=A9
 0002:000009C8 00000054 C=ICODE    S=.itext   G=(none)   M=ExtCtrls ACBP=A9
 0002:00000A1C 00000039 C=ICODE    S=.itext   G=(none)   M=ComCtrls ACBP=A9
 0002:00000A58 0000003D C=ICODE    S=.itext   G=(none)   M=Dialogs  ACBP=A9
 0002:00000A98 0000000F C=ICODE    S=.itext   G=(none)   M=FlatSB   ACBP=A9
 0002:00000AA8 00000085 C=ICODE    S=.itext   G=(none)   M=Menus    ACBP=A9
 0002:00000B30 00000088 C=ICODE    S=.itext   G=(none)   M=Controls ACBP=A9
 0002:00000BB8 00000008 C=ICODE    S=.itext   G=(none)   M=Themes   ACBP=A9
 0002:00000BC0 0000002A C=ICODE    S=.itext   G=(none)   M=ActnList ACBP=A9
 0002:00000BEC 0000005C C=ICODE    S=.itext   G=(none)   M=Forms    ACBP=A9
 0002:00000C48 00000015 C=ICODE    S=.itext   G=(none)   M=DCPtwofish ACBP=A9
 0002:00000C60 00000015 C=ICODE    S=.itext   G=(none)   M=DCPice   ACBP=A9
 0002:00000C78 00000025 C=ICODE    S=.itext   G=(none)   M=Buttons  ACBP=A9
 0002:00000CA0 00000045 C=ICODE    S=.itext   G=(none)   M=FileEncrypt ACBP=A9
 0003:00000000 000009F4 C=DATA     S=.data    G=DGROUP   M=System   ACBP=A9
 0003:000009F4 00000024 C=DATA     S=.data    G=DGROUP   M=SysInit  ACBP=A9
 0003:00000A18 0000000C C=DATA     S=.data    G=DGROUP   M=Windows  ACBP=A9
 0003:00000A24 00000010 C=DATA     S=.data    G=DGROUP   M=ActiveX  ACBP=A9
 0003:00000A34 00000100 C=DATA     S=.data    G=DGROUP   M=Character ACBP=A9
 0003:00000B34 000002E0 C=DATA     S=.data    G=DGROUP   M=SysUtils ACBP=A9
 0003:00000E14 00000008 C=DATA     S=.data    G=DGROUP   M=VarUtils ACBP=A9
 0003:00000E1C 00000152 C=DATA     S=.data    G=DGROUP   M=Variants ACBP=A9
 0003:00000F70 0000000C C=DATA     S=.data    G=DGROUP   M=TypInfo  ACBP=A9
 0003:00000F7C 000000A4 C=DATA     S=.data    G=DGROUP   M=Classes  ACBP=A9
 0003:00001020 00000090 C=DATA     S=.data    G=DGROUP   M=Wincodec ACBP=A9
 0003:000010B0 00000010 C=DATA     S=.data    G=DGROUP   M=IOUtils  ACBP=A9
 0003:000010C0 0000000C C=DATA     S=.data    G=DGROUP   M=IniFiles ACBP=A9
 0003:000010CC 00000024 C=DATA     S=.data    G=DGROUP   M=Registry ACBP=A9
 0003:000010F0 000003C8 C=DATA     S=.data    G=DGROUP   M=Graphics ACBP=A9
 0003:000014B8 00000450 C=DATA     S=.data    G=DGROUP   M=GraphUtil ACBP=A9
 0003:00001908 00000020 C=DATA     S=.data    G=DGROUP   M=ShlObj   ACBP=A9
 0003:00001928 00000120 C=DATA     S=.data    G=DGROUP   M=StdCtrls ACBP=A9
 0003:00001A48 0000000C C=DATA     S=.data    G=DGROUP   M=Printers ACBP=A9
 0003:00001A54 00000010 C=DATA     S=.data    G=DGROUP   M=ComCtrls ACBP=A9
 0003:00001A64 000002B4 C=DATA     S=.data    G=DGROUP   M=Dialogs  ACBP=A9
 0003:00001D18 00000144 C=DATA     S=.data    G=DGROUP   M=Menus    ACBP=A9
 0003:00001E5C 000001BC C=DATA     S=.data    G=DGROUP   M=Controls ACBP=A9
 0003:00002018 00000068 C=DATA     S=.data    G=DGROUP   M=Themes   ACBP=A9
 0003:00002080 00000048 C=DATA     S=.data    G=DGROUP   M=ImgList  ACBP=A9
 0003:000020C8 00000144 C=DATA     S=.data    G=DGROUP   M=Forms    ACBP=A9
 0003:0000220C 00000040 C=DATA     S=.data    G=DGROUP   M=DCPbase64 ACBP=A9
 0003:0000224C 00002030 C=DATA     S=.data    G=DGROUP   M=DCPtiger ACBP=A9
 0003:0000427C 000000E0 C=DATA     S=.data    G=DGROUP   M=DCPsha512 ACBP=A9
 0003:0000435C 00000040 C=DATA     S=.data    G=DGROUP   M=DCPsha256 ACBP=A9
 0003:0000439C 00000028 C=DATA     S=.data    G=DGROUP   M=DCPsha1  ACBP=A9
 0003:000043C4 00000028 C=DATA     S=.data    G=DGROUP   M=DCPripemd160 ACBP=A9
 0003:000043EC 00000020 C=DATA     S=.data    G=DGROUP   M=DCPripemd128 ACBP=A9
 0003:0000440C 00000020 C=DATA     S=.data    G=DGROUP   M=DCPmd5   ACBP=A9
 0003:0000442C 00000020 C=DATA     S=.data    G=DGROUP   M=DCPmd4   ACBP=A9
 0003:0000444C 00000040 C=DATA     S=.data    G=DGROUP   M=DCPhaval ACBP=A9
 0003:0000448C 00000230 C=DATA     S=.data    G=DGROUP   M=DCPtwofish ACBP=A9
 0003:000046BC 00000018 C=DATA     S=.data    G=DGROUP   M=DCPtea   ACBP=A9
 0003:000046D4 000000A8 C=DATA     S=.data    G=DGROUP   M=DCPserpent ACBP=A9
 0003:0000477C 00003320 C=DATA     S=.data    G=DGROUP   M=DCPrijndael ACBP=A9
 0003:00007A9C 00000015 C=DATA     S=.data    G=DGROUP   M=DCPrc4   ACBP=A9
 0003:00007AB4 00000140 C=DATA     S=.data    G=DGROUP   M=DCPrc2   ACBP=A9
 0003:00007BF4 00000190 C=DATA     S=.data    G=DGROUP   M=DCPice   ACBP=A9
 0003:00007D84 00001068 C=DATA     S=.data    G=DGROUP   M=DCPdes   ACBP=A9
 0003:00008DEC 00002030 C=DATA     S=.data    G=DGROUP   M=DCPcast128 ACBP=A9
 0003:0000AE1C 00001078 C=DATA     S=.data    G=DGROUP   M=DCPblowfish ACBP=A9
 0003:0000BE94 00000046 C=DATA     S=.data    G=DGROUP   M=Buttons  ACBP=A9
 0004:00000000 00002C38 C=BSS      S=.bss     G=DGROUP   M=System   ACBP=A9
 0004:00002C38 0000000C C=BSS      S=.bss     G=DGROUP   M=SysInit  ACBP=A9
 0004:00002C44 00000008 C=BSS      S=.bss     G=DGROUP   M=Windows  ACBP=A9
 0004:00002C4C 0000000C C=BSS      S=.bss     G=DGROUP   M=CommCtrl ACBP=A9
 0004:00002C58 0000001C C=BSS      S=.bss     G=DGROUP   M=Character ACBP=A9
 0004:00002C74 00002240 C=BSS      S=.bss     G=DGROUP   M=SysUtils ACBP=A9
 0004:00004EB4 0000005C C=BSS      S=.bss     G=DGROUP   M=VarUtils ACBP=A9
 0004:00004F10 00000040 C=BSS      S=.bss     G=DGROUP   M=Variants ACBP=A9
 0004:00004F50 00000004 C=BSS      S=.bss     G=DGROUP   M=TypInfo  ACBP=A9
 0004:00004F54 00000048 C=BSS      S=.bss     G=DGROUP   M=Classes  ACBP=A9
 0004:00004F9C 00000014 C=BSS      S=.bss     G=DGROUP   M=TimeSpan ACBP=A9
 0004:00004FB0 00000018 C=BSS      S=.bss     G=DGROUP   M=SyncObjs ACBP=A9
 0004:00004FC8 000000CC C=BSS      S=.bss     G=DGROUP   M=UxTheme  ACBP=A9
 0004:00005094 00000008 C=BSS      S=.bss     G=DGROUP   M=HelpIntfs ACBP=A9
 0004:0000509C 00000031 C=BSS      S=.bss     G=DGROUP   M=MultiMon ACBP=A9
 0004:000050D0 00000024 C=BSS      S=.bss     G=DGROUP   M=IOUtils  ACBP=A9
 0004:000050F4 00000004 C=BSS      S=.bss     G=DGROUP   M=IniFiles ACBP=A9
 0004:000050F8 00000004 C=BSS      S=.bss     G=DGROUP   M=Registry ACBP=A9
 0004:000050FC 00000064 C=BSS      S=.bss     G=DGROUP   M=Graphics ACBP=A9
 0004:00005160 00000010 C=BSS      S=.bss     G=DGROUP   M=GraphUtil ACBP=A9
 0004:00005170 00000004 C=BSS      S=.bss     G=DGROUP   M=Printers ACBP=A9
 0004:00005174 0000000C C=BSS      S=.bss     G=DGROUP   M=Clipbrd  ACBP=A9
 0004:00005180 00000008 C=BSS      S=.bss     G=DGROUP   M=ExtCtrls ACBP=A9
 0004:00005188 00000010 C=BSS      S=.bss     G=DGROUP   M=ComCtrls ACBP=A9
 0004:00005198 0000003C C=BSS      S=.bss     G=DGROUP   M=Dialogs  ACBP=A9
 0004:000051D4 00000034 C=BSS      S=.bss     G=DGROUP   M=FlatSB   ACBP=A9
 0004:00005208 00000010 C=BSS      S=.bss     G=DGROUP   M=Menus    ACBP=A9
 0004:00005218 0000008C C=BSS      S=.bss     G=DGROUP   M=Controls ACBP=A9
 0004:000052A4 0000000C C=BSS      S=.bss     G=DGROUP   M=Themes   ACBP=A9
 0004:000052B0 00000008 C=BSS      S=.bss     G=DGROUP   M=ImgList  ACBP=A9
 0004:000052B8 00000004 C=BSS      S=.bss     G=DGROUP   M=ActnList ACBP=A9
 0004:000052BC 00000028 C=BSS      S=.bss     G=DGROUP   M=Forms    ACBP=A9
 0004:000052E4 00001005 C=BSS      S=.bss     G=DGROUP   M=DCPtwofish ACBP=A9
 0004:000062EC 00004005 C=BSS      S=.bss     G=DGROUP   M=DCPice   ACBP=A9
 0004:0000A2F4 00000030 C=BSS      S=.bss     G=DGROUP   M=Buttons  ACBP=A9
 0004:0000A324 00000004 C=BSS      S=.bss     G=DGROUP   M=uMain    ACBP=A9
 0005:00000000 00000008 C=TLS      S=.tls     G=(none)   M=System   ACBP=A9
 0005:00000008 0000000C C=TLS      S=.tls     G=(none)   M=Classes  ACBP=A9
 0005:00000014 00000004 C=TLS      S=.tls     G=(none)   M=SyncObjs ACBP=A9
 0005:00000018 00000024 C=TLS      S=.tls     G=(none)   M=GraphUtil ACBP=A9


  Address             Publics by Name

 0001:0000B308       ActiveX.CoCreateInstance
 0001:0000B310       ActiveX.CoTaskMemAlloc
 0001:0000B318       ActiveX.CoTaskMemFree
 0003:00000A24       ActiveX.GUID_NULL
 0001:0000B300       ActiveX.IsEqualGUID
 0001:0000B320       ActiveX.OleInitialize
 0001:0000B328       ActiveX.OleUninitialize
 0004:000052B8       ActnList..9
 0001:000A9DE4       ActnList..TActionLink
 0001:000A8F04       ActnList..TActionListEnumerator
 0001:000A8BFC       ActnList..TContainedAction
 0001:000A97B0       ActnList..TCustomAction
 0001:000A9174       ActnList..TCustomActionList
 0001:000A9588       ActnList..TShortCutList
 0002:00000BC0       ActnList.ActnList
 0001:000AAF54       ActnList.Finalization
 0001:000AA59C       ActnList.TActionLink.IsCaptionLinked
 0001:000AA5B0       ActnList.TActionLink.IsCheckedLinked
 0001:000AA5C4       ActnList.TActionLink.IsEnabledLinked
 0001:000AA5D8       ActnList.TActionLink.IsGroupIndexLinked
 0001:000AA5EC       ActnList.TActionLink.IsHelpContextLinked
 0001:000AA600       ActnList.TActionLink.IsHelpLinked
 0001:000AA614       ActnList.TActionLink.IsHintLinked
 0001:000AA628       ActnList.TActionLink.IsImageIndexLinked
 0001:000AA63C       ActnList.TActionLink.IsShortCutLinked
 0001:000AA650       ActnList.TActionLink.IsVisibleLinked
 0001:000AA664       ActnList.TActionLink.SetAutoCheck
 0001:000AA668       ActnList.TActionLink.SetCaption
 0001:000AA66C       ActnList.TActionLink.SetChecked
 0001:000AA670       ActnList.TActionLink.SetEnabled
 0001:000AA674       ActnList.TActionLink.SetGroupIndex
 0001:000AA678       ActnList.TActionLink.SetHelpContext
 0001:000AA67C       ActnList.TActionLink.SetHelpKeyword
 0001:000AA680       ActnList.TActionLink.SetHelpType
 0001:000AA684       ActnList.TActionLink.SetHint
 0001:000AA688       ActnList.TActionLink.SetImageIndex
 0001:000AA68C       ActnList.TActionLink.SetShortCut
 0001:000AA690       ActnList.TActionLink.SetVisible
 0001:000AA100       ActnList.TActionListEnumerator.Create
 0001:000AA144       ActnList.TActionListEnumerator.GetCurrent
 0001:000AA150       ActnList.TActionListEnumerator.MoveNext
 0001:000A9EEC       ActnList.TContainedAction.Destroy
 0001:000AA058       ActnList.TContainedAction.Execute
 0001:000A9F20       ActnList.TContainedAction.GetIndex
 0001:000A9F3C       ActnList.TContainedAction.GetParentComponent
 0001:000A9F4C       ActnList.TContainedAction.HasParent
 0001:000A9F38       ActnList.TContainedAction.IsCategoryStored
 0001:000A9F5C       ActnList.TContainedAction.ReadState
 0001:000AA004       ActnList.TContainedAction.SetActionList
 0001:000A9FD8       ActnList.TContainedAction.SetCategory
 0001:000A9F90       ActnList.TContainedAction.SetIndex
 0001:000AA02C       ActnList.TContainedAction.SetParentComponent
 0001:000AA0B0       ActnList.TContainedAction.Update
 0001:000AA740       ActnList.TCustomAction.AssignTo
 0001:000AA694       ActnList.TCustomAction.Create
 0001:000AA6E8       ActnList.TCustomAction.Destroy
 0001:000AADCC       ActnList.TCustomAction.DoHint
 0001:000AADF4       ActnList.TCustomAction.Execute
 0001:000AAE58       ActnList.TCustomAction.GetSecondaryShortCuts
 0001:000AAED8       ActnList.TCustomAction.HandleShortCut
 0001:000AAEB4       ActnList.TCustomAction.IsSecondaryShortCutsStored
 0001:000AA84C       ActnList.TCustomAction.SetAutoCheck
 0001:000AA8AC       ActnList.TCustomAction.SetCaption
 0001:000AA90C       ActnList.TCustomAction.SetChecked
 0001:000AAA14       ActnList.TCustomAction.SetEnabled
 0001:000AAA90       ActnList.TCustomAction.SetGroupIndex
 0001:000AABA8       ActnList.TCustomAction.SetHelpContext
 0001:000AAB40       ActnList.TCustomAction.SetHelpKeyword
 0001:000AAAE8       ActnList.TCustomAction.SetHelpType
 0001:000AAC00       ActnList.TCustomAction.SetHint
 0001:000AAC60       ActnList.TCustomAction.SetImageIndex
 0001:000AAD80       ActnList.TCustomAction.SetName
 0001:000AAE80       ActnList.TCustomAction.SetSecondaryShortCuts
 0001:000AACBC       ActnList.TCustomAction.SetShortCut
 0001:000AAD20       ActnList.TCustomAction.SetVisible
 0001:000AA364       ActnList.TCustomActionList.AddAction
 0001:000AA3AC       ActnList.TCustomActionList.Change
 0001:000AA16C       ActnList.TCustomActionList.Create
 0001:000AA1D8       ActnList.TCustomActionList.Destroy
 0001:000AA4B8       ActnList.TCustomActionList.ExecuteAction
 0001:000AA2A8       ActnList.TCustomActionList.GetAction
 0001:000AA2BC       ActnList.TCustomActionList.GetActionCount
 0001:000AA230       ActnList.TCustomActionList.GetChildren
 0001:000AA2C4       ActnList.TCustomActionList.GetEnumerator
 0001:000AA308       ActnList.TCustomActionList.ImageListChange
 0001:000AA414       ActnList.TCustomActionList.IsShortCut
 0001:000AA314       ActnList.TCustomActionList.Notification
 0001:000AA384       ActnList.TCustomActionList.RemoveAction
 0001:000AA278       ActnList.TCustomActionList.SetChildOrder
 0001:000AA2D4       ActnList.TCustomActionList.SetImages
 0001:000AA4F8       ActnList.TCustomActionList.SetState
 0001:000AA4D8       ActnList.TCustomActionList.UpdateAction
 0001:000AAEE4       ActnList.TShortCutList.Add
 0001:000AAF10       ActnList.TShortCutList.IndexOfShortCut
 0004:0000A2F4       Buttons..5
 0001:000E8BD8       Buttons..TButtonGlyph
 0001:000E8A0C       Buttons..TGlyphCache
 0001:000E87D0       Buttons..TGlyphList
 0001:000E7F48       Buttons..TSpeedButton
 0001:000E7D98       Buttons..TSpeedButtonActionLink
 0003:0000BE94       Buttons.BitBtnCaptions
 0004:0000A2F8       Buttons.BitBtnGlyphs
 0003:0000BEC4       Buttons.ButtonCount
 0002:00000C78       Buttons.Buttons
 0001:000EB420       Buttons.DestroyLocals
 0001:000E9B00       Buttons.DoDrawText
 0001:000EA568       Buttons.DoGlassPaint
 0003:0000BEC8       Buttons.DownStyles
 0003:0000BED0       Buttons.FillStyles
 0001:000EB4B8       Buttons.Finalization
 0003:0000BEC0       Buttons.GlyphCache
 0003:0000BED8       Buttons.NewState
 0001:000E9DC0       Buttons.TButtonGlyph.CalcButtonLayout
 0001:000E9150       Buttons.TButtonGlyph.Create
 0001:000E9358       Buttons.TButtonGlyph.CreateButtonGlyph
 0001:000E91E8       Buttons.TButtonGlyph.Destroy
 0001:000EA154       Buttons.TButtonGlyph.Draw
 0001:000E992C       Buttons.TButtonGlyph.DrawButtonGlyph
 0001:000E9CF4       Buttons.TButtonGlyph.DrawButtonText
 0001:000E9288       Buttons.TButtonGlyph.GlyphChanged
 0001:000E9244       Buttons.TButtonGlyph.Invalidate
 0001:000E92B8       Buttons.TButtonGlyph.SetGlyph
 0001:000E9330       Buttons.TButtonGlyph.SetNumGlyphs
 0001:000E9048       Buttons.TGlyphCache.Create
 0001:000E908C       Buttons.TGlyphCache.Destroy
 0001:000E9144       Buttons.TGlyphCache.Empty
 0001:000E90BC       Buttons.TGlyphCache.GetList
 0001:000E911C       Buttons.TGlyphCache.ReturnList
 0001:000E8FEC       Buttons.TGlyphList.AddMasked
 0001:000E8FA0       Buttons.TGlyphList.AllocateIndex
 0001:000E8F1C       Buttons.TGlyphList.CreateSize
 0001:000E9018       Buttons.TGlyphList.Delete
 0001:000E8F70       Buttons.TGlyphList.Destroy
 0001:000EB328       Buttons.TSpeedButton.ActionChange
 0001:000EADCC       Buttons.TSpeedButton.Click
 0001:000EB0DC       Buttons.TSpeedButton.CMButtonPressed
 0001:000EB150       Buttons.TSpeedButton.CMDialogChar
 0001:000EB0A8       Buttons.TSpeedButton.CMEnabledChanged
 0001:000EB1E8       Buttons.TSpeedButton.CMFontChanged
 0001:000EB224       Buttons.TSpeedButton.CMMouseEnter
 0001:000EB2A0       Buttons.TSpeedButton.CMMouseLeave
 0001:000EB200       Buttons.TSpeedButton.CMSysColorChange
 0001:000EB1F4       Buttons.TSpeedButton.CMTextChanged
 0001:000EB308       Buttons.TSpeedButton.CopyImage
 0001:000EA470       Buttons.TSpeedButton.Create
 0001:000EA530       Buttons.TSpeedButton.Destroy
 0001:000EADE8       Buttons.TSpeedButton.GetActionLinkClass
 0001:000EADF0       Buttons.TSpeedButton.GetGlyph
 0001:000EAE18       Buttons.TSpeedButton.GetNumGlyphs
 0001:000EADD4       Buttons.TSpeedButton.GetPalette
 0001:000EAE54       Buttons.TSpeedButton.GlyphChanged
 0001:000EAE60       Buttons.TSpeedButton.HasCustomGlyph
 0001:000EAE8C       Buttons.TSpeedButton.InternalCopyImage
 0001:000EAB9C       Buttons.TSpeedButton.Loaded
 0001:000EABC8       Buttons.TSpeedButton.MouseDown
 0001:000EAC24       Buttons.TSpeedButton.MouseMove
 0001:000EACCC       Buttons.TSpeedButton.MouseUp
 0001:000EA5C0       Buttons.TSpeedButton.Paint
 0001:000EB074       Buttons.TSpeedButton.SetAllowAllUp
 0001:000EAF4C       Buttons.TSpeedButton.SetDown
 0001:000EAFBC       Buttons.TSpeedButton.SetFlat
 0001:000EADFC       Buttons.TSpeedButton.SetGlyph
 0001:000EAFD4       Buttons.TSpeedButton.SetGroupIndex
 0001:000EAFE8       Buttons.TSpeedButton.SetLayout
 0001:000EB000       Buttons.TSpeedButton.SetMargin
 0001:000EAE24       Buttons.TSpeedButton.SetNumGlyphs
 0001:000EB01C       Buttons.TSpeedButton.SetSpacing
 0001:000EB034       Buttons.TSpeedButton.SetTransparent
 0001:000EAF14       Buttons.TSpeedButton.UpdateExclusive
 0001:000EAB38       Buttons.TSpeedButton.UpdateTracking
 0001:000EB088       Buttons.TSpeedButton.WMLButtonDblClk
 0001:000EA1C8       Buttons.TSpeedButtonActionLink.AssignClient
 0001:000EA1EC       Buttons.TSpeedButtonActionLink.Create
 0001:000EA228       Buttons.TSpeedButtonActionLink.IsCheckedLinked
 0001:000EA274       Buttons.TSpeedButtonActionLink.IsGlyphLinked
 0001:000EA338       Buttons.TSpeedButtonActionLink.IsGroupIndexLinked
 0001:000EA368       Buttons.TSpeedButtonActionLink.IsImageIndexLinked
 0001:000EA398       Buttons.TSpeedButtonActionLink.SetChecked
 0001:000EA3B8       Buttons.TSpeedButtonActionLink.SetGroupIndex
 0001:000EA3D8       Buttons.TSpeedButtonActionLink.SetImageIndex
 0004:00002C64       Character.CategoryTable
 0004:00002C5C       Character.CatIndexPrimary
 0004:00002C60       Character.CatIndexSecondary
 0004:00002C58       Character.DataTable
 0003:00000A34       Character.Latin1Categories
 0004:00002C70       Character.NumericValueTable
 0004:00002C68       Character.NumIndexPrimary
 0004:00002C6C       Character.NumIndexSecondary
 0001:0000BAC4       Character.TCharacter.CheckLetter
 0001:0000BAD0       Character.TCharacter.CheckLetterOrDigit
 0001:0000BBEC       Character.TCharacter.GetUnicodeCategory
 0001:0000BC4C       Character.TCharacter.Initialize
 0001:0000BBE0       Character.TCharacter.IsAscii
 0001:0000BAE0       Character.TCharacter.IsLatin1
 0001:0000BAEC       Character.TCharacter.IsLetter
 0001:0000BB78       Character.TCharacter.IsLetterOrDigit
 0004:00004F64       Classes..66
 0001:00026AAC       Classes..EBitsError
 0001:00026844       Classes..EClassNotFound
 0001:00026BE4       Classes..EComponentError
 0001:0002654C       Classes..EFCreateError
 0001:00026680       Classes..EFilerError
 0001:00026450       Classes..EFileStreamError
 0001:000265E8       Classes..EFOpenError
 0001:000268E0       Classes..EInvalidImage
 0001:00026D24       Classes..EInvalidOperation
 0001:00026A18       Classes..EListError
 0001:00026C84       Classes..EOutOfResources
 0001:00026718       Classes..EReadError
 0001:0002697C       Classes..EResNotFound
 0001:000263B4       Classes..EStreamError
 0001:00026B40       Classes..EStringListError
 0001:0002DD40       Classes..EThread
 0001:000267AC       Classes..EWriteError
 0001:0002F6E8       Classes..TBasicAction
 0001:0002F4CC       Classes..TBasicActionLink
 0001:00027ACC       Classes..TBits
 0001:0002B640       Classes..TClassFinder
 0001:00028350       Classes..TCollection
 0001:000281AC       Classes..TCollectionEnumerator
 0001:00027F40       Classes..TCollectionItem
 0001:0002EB84       Classes..TComponent
 0001:0003E278       Classes..TComponent.FindComponent$ActRec
 0001:0002E72C       Classes..TComponentEnumerator
 0001:0002A884       Classes..TCustomMemoryStream
 0001:0002BA14       Classes..TFiler
 0001:0002A6A0       Classes..TFileStream
 0001:0002A488       Classes..THandleStream
 0001:000315AC       Classes..TIntConst
 0001:00027DCC       Classes..TInterfacedPersistent
 0001:00027100       Classes..TList
 0001:000324D8       Classes..TList.Sort$ActRec
 0001:00026F2C       Classes..TListEnumerator
 0001:0002AACC       Classes..TMemoryStream
 0001:000287E8       Classes..TOwnedCollection
 0001:00027C04       Classes..TPersistent
 0001:00036840       Classes..TPropFixup
 0001:00036A6C       Classes..TPropIntfFixup
 0001:0002C42C       Classes..TReader
 0001:0002FC8C       Classes..TRegGroup
 0001:000300EC       Classes..TRegGroups
 0001:0002AD14       Classes..TResourceStream
 0001:00029E7C       Classes..TStream
 0001:0002B094       Classes..TStreamAdapter
 0001:00029800       Classes..TStringList
 0001:00028B88       Classes..TStrings
 0001:000289E0       Classes..TStringsEnumerator
 0001:0002DF34       Classes..TThread
 0001:00027814       Classes..TThreadList
 0001:0002D334       Classes..TWriter
 0001:00031538       Classes.ActivateClassGroup
 0003:00000F7C       Classes.AddDataModule
 0001:00036D98       Classes.AddFinished
 0001:00036DD0       Classes.AddNotFinished
 0001:00037A3C       Classes.AddSubComponentsToLoaded
 0001:0003F3E4       Classes.AllocateHWnd
 0001:0003AFD8       Classes.AncestorIsValid
 0003:00000F8C       Classes.ApplicationHandleException
 0003:00000F94       Classes.ApplicationShowException
 0001:00031A18       Classes.BeginGlobalLoading
 0003:00000FF4       Classes.BlockCode
 0001:0002FC50       Classes.Bounds
 0001:0003F244       Classes.CalcJmpOffset
 0001:00037A78       Classes.CheckSubComponents
 0001:0003CB30       Classes.CheckSynchronize
 0002:0000024C       Classes.Classes
 0001:0003127C       Classes.ClassNotFound
 0001:0003F2F8       Classes.CleanupInstFreeList
 0001:00031CB8       Classes.CollectionsEqual
 0001:00037B58       Classes.ComponentCreated
 0001:00039A78       Classes.CopyBinary
 0001:000399E8       Classes.CopyBytes
 0001:0003999C       Classes.CopyList
 0001:00039914       Classes.CopySetBody
 0001:00037BD8       Classes.CreateComponent
 0003:00000F9C       Classes.CreateVCLComObjectProc
 0001:0003F498       Classes.DeallocateHWnd
 0001:0003CA58       Classes.DoneThreadSynchronization
 0001:00033B7C       Classes.DoWrite
 0003:00000FAC       Classes.Dummy32bitResHeader
 0001:0003F4C0       Classes.EFileStreamError.Create
 0001:00031AA0       Classes.EndGlobalLoading
 0001:00030D20       Classes.Error
 0001:00036678       Classes.Error
 0004:00004F90       Classes.ExternalThreads
 0003:00000FA8       Classes.FilerSignature
 0001:0003F570       Classes.Finalization
 0001:0003A6C8       Classes.FindAncestor
 0001:00031354       Classes.FindClass
 0001:00037D88       Classes.FindExistingComponent
 0001:00031930       Classes.FindGlobalComponent
 0004:00004F70       Classes.FindGlobalComponentProcs
 0001:000317D4       Classes.FindIdentToInt
 0001:00031758       Classes.FindIntToIdent
 0001:0003B44C       Classes.FindMethodName
 0001:00036CA0       Classes.FindNestedComponent
 0001:00038E04       Classes.FindUniqueName
 0001:0003CA70       Classes.FreeExternalThreads
 0001:0003F1A4       Classes.FreeIntConstList
 0001:0003F2E4       Classes.FreeObjectInstance
 0001:000312E8       Classes.GetClass
 0001:0003BB40       Classes.GetComponentValue
 0001:00032F90       Classes.GetDesigner
 0001:00031270       Classes.GetFieldClassTable
 0001:0003F334       Classes.GetFreeInstBlockItemCount
 0004:00004F74       Classes.GlobalFixupList
 0001:00036E18       Classes.GlobalFixupReferences
 0005:00000010       Classes.GlobalLists
 0005:0000000C       Classes.GlobalLoaded
 0004:00004F58       Classes.GlobalNameSpace
 0001:000314CC       Classes.GroupDescendentsWith
 0001:00038598       Classes.HandleException
 0001:00031850       Classes.IdentToInt
 0001:00031AFC       Classes.InitComponent
 0001:00031B88       Classes.InitInheritedComponent
 0001:0003CA24       Classes.InitThreadSynchronization
 0004:00004F94       Classes.InstBlockList
 0004:00004F98       Classes.InstFreeList
 0004:00004F68       Classes.IntConstList
 0001:00031994       Classes.InternalReadComponentRes
 0001:00031894       Classes.IntToIdent
 0001:0002FC78       Classes.InvalidPoint
 0001:0003B1CC       Classes.IsDefault
 0001:0003B048       Classes.IsDefaultFloatProp
 0001:0003B0A4       Classes.IsDefaultInt64Prop
 0001:0003B370       Classes.IsDefaultInterfaceProp
 0001:0003B4A4       Classes.IsDefaultMethodProp
 0001:0003B224       Classes.IsDefaultObjectProp
 0001:0003AFF0       Classes.IsDefaultOrdProp
 0001:0003B5DC       Classes.IsDefaultPropertyValue
 0001:0003B0FC       Classes.IsDefaultStrProp
 0001:0003B2A4       Classes.IsDefaultValue
 0001:0003B544       Classes.IsDefaultVariantProp
 0001:00031970       Classes.IsUniqueGlobalComponentName
 0004:00004F5C       Classes.IsUniqueGlobalComponentNameProc
 0001:0003F24C       Classes.MakeObjectInstance
 0001:00032BC8       Classes.Min
 0001:0003F21C       Classes.ModuleUnload
 0003:00000FCC       Classes.NilMethod
 0001:00033034       Classes.NotifyDesigner
 0001:00031A70       Classes.NotifyGlobalLoading
 0001:0003B18C       Classes.ObjectAncestorMatch
 0001:0003BB28       Classes.OwnedBy
 0001:0002FBF8       Classes.Point
 0003:00000FD8       Classes.Priorities
 0001:00037158       Classes.PropertyNotFound
 0001:00038668       Classes.PropPathError
 0001:0003714C       Classes.PropValueError
 0001:000323A0       Classes.QuickSort
 0001:00035830       Classes.RaiseException
 0001:00039F60       Classes.ReadCustomVariant
 0001:00037134       Classes.ReadError
 0001:00037B78       Classes.Recover
 0001:0002FC28       Classes.Rect
 0004:00004F6C       Classes.RegGroups
 0001:00031374       Classes.RegisterClass
 0001:000318D8       Classes.RegisterFindGlobalComponentProc
 0001:0003172C       Classes.RegisterIntegerConsts
 0001:0003F364       Classes.ReleaseObjectInstanceBlocks
 0003:00000F84       Classes.RemoveDataModule
 0001:00036FEC       Classes.RemoveFixupReferences
 0001:000370A0       Classes.RemoveFixups
 0001:0003749C       Classes.RemoveGlobalFixup
 0001:0003CAFC       Classes.ResetSyncEvent
 0001:00033CE8       Classes.ReturnAddr
 0001:00031F1C       Classes.ReturnAddr
 0001:00037CE8       Classes.SetCompName
 0001:00037184       Classes.SetElementValue
 0001:000389E0       Classes.SetInterfaceReference
 0001:000388FC       Classes.SetIntIdent
 0001:00038944       Classes.SetObjectIdent
 0001:00037AF0       Classes.SetSubComponentState
 0001:00038984       Classes.SetVariantReference
 0001:0003CB24       Classes.SignalSyncEvent
 0001:000396D0       Classes.SkipBinary
 0001:00039700       Classes.SkipCollection
 0001:000396A4       Classes.SkipList
 0001:0002FC18       Classes.SmallPoint
 0001:00031464       Classes.StartClassGroup
 0001:0003F224       Classes.StdWndProc
 0001:0003561C       Classes.StringListCompareStrings
 0004:00004F60       Classes.SyncEvent
 0003:00000FD4       Classes.SyncList
 0001:0003EC10       Classes.TBasicAction.Change
 0001:0003EA9C       Classes.TBasicAction.Create
 0001:0003EAE0       Classes.TBasicAction.Destroy
 0001:0003EB7C       Classes.TBasicAction.Execute
 0001:0003EB4C       Classes.TBasicAction.ExecuteTarget
 0001:0003EB48       Classes.TBasicAction.HandlesTarget
 0001:0003EB50       Classes.TBasicAction.Notification
 0001:0003EC24       Classes.TBasicAction.RegisterChanges
 0001:0003EC70       Classes.TBasicAction.SetActionComponent
 0001:0003EBB4       Classes.TBasicAction.SetOnExecute
 0001:0003EC30       Classes.TBasicAction.UnRegisterChanges
 0001:0003EB98       Classes.TBasicAction.Update
 0001:0003EB78       Classes.TBasicAction.UpdateTarget
 0001:0003E9EC       Classes.TBasicActionLink.AssignClient
 0001:0003EA24       Classes.TBasicActionLink.Change
 0001:0003E9A8       Classes.TBasicActionLink.Create
 0001:0003E9F0       Classes.TBasicActionLink.Destroy
 0001:0003EA3C       Classes.TBasicActionLink.Execute
 0001:0003EA84       Classes.TBasicActionLink.IsOnExecuteLinked
 0001:0003EA58       Classes.TBasicActionLink.SetAction
 0001:0003EA88       Classes.TBasicActionLink.SetOnExecute
 0001:0003EA90       Classes.TBasicActionLink.Update
 0001:00032B80       Classes.TBits.Destroy
 0001:00032BB0       Classes.TBits.Error
 0001:00032CA4       Classes.TBits.GetBit
 0001:00032CBC       Classes.TBits.OpenBit
 0001:00032C78       Classes.TBits.SetBit
 0001:00032BD4       Classes.TBits.SetSize
 0001:00030FDC       Classes.TClassFinder.Create
 0001:0003111C       Classes.TClassFinder.Destroy
 0001:0003114C       Classes.TClassFinder.GetClass
 0001:000311E8       Classes.TClassFinder.GetClasses
 0001:00033364       Classes.TCollection.Add
 0001:00033880       Classes.TCollection.Added
 0001:00033384       Classes.TCollection.Assign
 0001:0003342C       Classes.TCollection.BeginUpdate
 0001:00033430       Classes.TCollection.Changed
 0001:00033440       Classes.TCollection.Clear
 0001:000332CC       Classes.TCollection.Create
 0001:00033844       Classes.TCollection.Delete
 0001:00033884       Classes.TCollection.Deleting
 0001:00033318       Classes.TCollection.Destroy
 0001:000334A8       Classes.TCollection.EndUpdate
 0001:000334B4       Classes.TCollection.FindItemID
 0001:000334E8       Classes.TCollection.GetAttr
 0001:000334E4       Classes.TCollection.GetAttrCount
 0001:00033508       Classes.TCollection.GetCapacity
 0001:00033530       Classes.TCollection.GetCount
 0001:000334F8       Classes.TCollection.GetEnumerator
 0001:00033538       Classes.TCollection.GetItem
 0001:00033510       Classes.TCollection.GetItemAttr
 0001:0003354C       Classes.TCollection.GetNamePath
 0001:00033600       Classes.TCollection.GetPropName
 0001:00033754       Classes.TCollection.Insert
 0001:00033770       Classes.TCollection.InsertItem
 0001:00033888       Classes.TCollection.Notify
 0001:00033874       Classes.TCollection.Owner
 0001:000337D8       Classes.TCollection.RemoveItem
 0001:0003382C       Classes.TCollection.SetCapacity
 0001:0003383C       Classes.TCollection.SetItemName
 0001:00033840       Classes.TCollection.Update
 0001:00033260       Classes.TCollectionEnumerator.Create
 0001:000332A4       Classes.TCollectionEnumerator.GetCurrent
 0001:000332B0       Classes.TCollectionEnumerator.MoveNext
 0001:00033100       Classes.TCollectionItem.Changed
 0001:00033098       Classes.TCollectionItem.Create
 0001:000330D0       Classes.TCollectionItem.Destroy
 0001:0003313C       Classes.TCollectionItem.GetDisplayName
 0001:00033124       Classes.TCollectionItem.GetIndex
 0001:00033150       Classes.TCollectionItem.GetNamePath
 0001:000331FC       Classes.TCollectionItem.GetOwner
 0001:00033200       Classes.TCollectionItem.SetCollection
 0001:00033228       Classes.TCollectionItem.SetDisplayName
 0001:00033230       Classes.TCollectionItem.SetIndex
 0001:0003E4A0       Classes.TComponent.AddSortedComponent
 0001:0003DCBC       Classes.TComponent.BeforeDestruction
 0001:0003E554       Classes.TComponent.ChangeName
 0001:0003DC28       Classes.TComponent.Create
 0001:0003E068       Classes.TComponent.DefineProperties
 0001:0003DC74       Classes.TComponent.Destroy
 0001:0003DEEC       Classes.TComponent.DestroyComponents
 0001:0003DF58       Classes.TComponent.Destroying
 0001:0003E6B0       Classes.TComponent.ExecuteAction
 0001:0003E33C       Classes.TComponent.FindComponent
 0001:0003E330       Classes.TComponent.FindComponent$ActRec.$0$Body
 0001:0003E428       Classes.TComponent.FindSortedComponent
 0001:0003DD08       Classes.TComponent.FreeNotification
 0001:0003E7E4       Classes.TComponent.FreeOnRelease
 0001:0003E10C       Classes.TComponent.GetChildOwner
 0001:0003E110       Classes.TComponent.GetChildParent
 0001:0003E104       Classes.TComponent.GetChildren
 0001:0003E714       Classes.TComponent.GetComObject
 0001:0003E5A8       Classes.TComponent.GetComponent
 0001:0003E5D4       Classes.TComponent.GetComponentCount
 0001:0003E58C       Classes.TComponent.GetComponentIndex
 0001:0003E114       Classes.TComponent.GetEnumerator
 0001:0003E124       Classes.TComponent.GetNamePath
 0001:0003E138       Classes.TComponent.GetOwner
 0001:0003E140       Classes.TComponent.GetParentComponent
 0001:0003E100       Classes.TComponent.HasParent
 0001:0003DD9C       Classes.TComponent.Insert
 0001:0003DE50       Classes.TComponent.InsertComponent
 0001:0003E87C       Classes.TComponent.IntfGetComponent
 0001:0003E880       Classes.TComponent.IsImplementorOf
 0001:0003E160       Classes.TComponent.Loaded
 0001:0003E008       Classes.TComponent.Notification
 0001:0003E16C       Classes.TComponent.PaletteCreated
 0001:0003E7FC       Classes.TComponent.QueryInterface
 0001:0003DD5C       Classes.TComponent.ReadLeft
 0001:0003E170       Classes.TComponent.ReadState
 0001:0003DD70       Classes.TComponent.ReadTop
 0001:0003E900       Classes.TComponent.ReferenceInterface
 0001:0003DDD8       Classes.TComponent.Remove
 0001:0003DEB4       Classes.TComponent.RemoveComponent
 0001:0003DFEC       Classes.TComponent.RemoveFreeNotification
 0001:0003DCC8       Classes.TComponent.RemoveFreeNotifications
 0001:0003DF94       Classes.TComponent.RemoveNotification
 0001:0003E7CC       Classes.TComponent.SafeCallException
 0001:0003E13C       Classes.TComponent.SetChildOrder
 0001:0003E5E4       Classes.TComponent.SetComponentIndex
 0001:0003E638       Classes.TComponent.SetDesigning
 0001:0003E4C4       Classes.TComponent.SetName
 0001:0003E144       Classes.TComponent.SetParentComponent
 0001:0003E688       Classes.TComponent.SetReference
 0001:0003E700       Classes.TComponent.SetSubComponent
 0001:0003E6D8       Classes.TComponent.UpdateAction
 0001:0003E154       Classes.TComponent.Updated
 0001:0003E7F4       Classes.TComponent.UpdateRegistry
 0001:0003E148       Classes.TComponent.Updating
 0001:0003E208       Classes.TComponent.ValidateContainer
 0001:0003E21C       Classes.TComponent.ValidateInsert
 0001:0003E180       Classes.TComponent.ValidateRename
 0001:0003DD84       Classes.TComponent.WriteLeft
 0001:0003E178       Classes.TComponent.WriteState
 0001:0003DD90       Classes.TComponent.WriteTop
 0001:0003E83C       Classes.TComponent._AddRef
 0001:0003E85C       Classes.TComponent._Release
 0001:0003DBBC       Classes.TComponentEnumerator.Create
 0001:0003DC00       Classes.TComponentEnumerator.GetCurrent
 0001:0003DC0C       Classes.TComponentEnumerator.MoveNext
 0001:0003630C       Classes.TCustomMemoryStream.Read
 0001:00036380       Classes.TCustomMemoryStream.SaveToFile
 0001:00036368       Classes.TCustomMemoryStream.SaveToStream
 0001:00036344       Classes.TCustomMemoryStream.Seek
 0001:00036304       Classes.TCustomMemoryStream.SetPointer
 0001:000367CC       Classes.TFiler.Create
 0001:0002BDCC       Classes.TFiler.DefineBinaryProperty
 0001:0002BDC4       Classes.TFiler.DefineProperty
 0001:00036814       Classes.TFiler.Destroy
 0001:0002BDD4       Classes.TFiler.FlushBuffer
 0001:0003683C       Classes.TFiler.SetRoot
 0001:0003615C       Classes.TFileStream.Create
 0001:00036118       Classes.TFileStream.Create
 0001:000362D0       Classes.TFileStream.Destroy
 0001:00036054       Classes.THandleStream.Create
 0001:00036090       Classes.THandleStream.Read
 0001:000360B0       Classes.THandleStream.Seek
 0001:000360DC       Classes.THandleStream.SetSize
 0001:000360F0       Classes.THandleStream.SetSize
 0001:000360A0       Classes.THandleStream.Write
 0004:00004F78       Classes.ThreadLock
 0001:0003CD24       Classes.ThreadProc
 0001:000316F4       Classes.TIntConst.Create
 0001:00032ED8       Classes.TInterfacedPersistent.AfterConstruction
 0001:00032F68       Classes.TInterfacedPersistent.QueryInterface
 0001:00032F28       Classes.TInterfacedPersistent._AddRef
 0001:00032F48       Classes.TInterfacedPersistent._Release
 0001:00031E5C       Classes.TList.Add
 0001:00032698       Classes.TList.Assign
 0001:00031E9C       Classes.TList.Clear
 0001:00031EB4       Classes.TList.Delete
 0001:00031E3C       Classes.TList.Destroy
 0001:00031F20       Classes.TList.Error
 0001:00031F58       Classes.TList.Error
 0001:00031FAC       Classes.TList.Exchange
 0001:00031FFC       Classes.TList.Expand
 0001:0003263C       Classes.TList.Extract
 0001:00032644       Classes.TList.ExtractItem
 0001:00032014       Classes.TList.First
 0001:0003201C       Classes.TList.Get
 0001:00032040       Classes.TList.GetEnumerator
 0001:00032050       Classes.TList.Grow
 0001:00032084       Classes.TList.IndexOf
 0001:000320A8       Classes.TList.IndexOfItem
 0001:000320D4       Classes.TList.Insert
 0001:0003214C       Classes.TList.Last
 0001:00032170       Classes.TList.Move
 0001:00032694       Classes.TList.Notify
 0001:0003224C       Classes.TList.Pack
 0001:000321C8       Classes.TList.Put
 0001:00032224       Classes.TList.Remove
 0001:0003222C       Classes.TList.RemoveItem
 0001:000322C0       Classes.TList.SetCapacity
 0001:000322FC       Classes.TList.SetCount
 0001:0003259C       Classes.TList.Sort
 0001:00032590       Classes.TList.Sort$ActRec.$0$Body
 0001:0003261C       Classes.TList.SortList
 0001:00031DD4       Classes.TListEnumerator.Create
 0001:00031E18       Classes.TListEnumerator.GetCurrent
 0001:00031E24       Classes.TListEnumerator.MoveNext
 0001:00036404       Classes.TMemoryStream.Clear
 0001:000363D8       Classes.TMemoryStream.Destroy
 0001:00036454       Classes.TMemoryStream.LoadFromFile
 0001:0003641C       Classes.TMemoryStream.LoadFromStream
 0001:000364FC       Classes.TMemoryStream.Realloc
 0001:000364A8       Classes.TMemoryStream.SetCapacity
 0001:000364D0       Classes.TMemoryStream.SetSize
 0001:0003657C       Classes.TMemoryStream.Write
 0001:000338AC       Classes.TOwnedCollection.Create
 0001:000338F0       Classes.TOwnedCollection.GetOwner
 0001:00032D60       Classes.TPersistent.Assign
 0001:00032D74       Classes.TPersistent.AssignError
 0001:00032E30       Classes.TPersistent.AssignTo
 0001:00032E38       Classes.TPersistent.DefineProperties
 0001:00032D34       Classes.TPersistent.Destroy
 0001:00032E3C       Classes.TPersistent.GetNamePath
 0001:00032ED4       Classes.TPersistent.GetOwner
 0001:00036B54       Classes.TPropFixup.Create
 0001:00036BAC       Classes.TPropFixup.MakeGlobalReference
 0001:00036C0C       Classes.TPropFixup.ResolveReference
 0001:00036C1C       Classes.TPropIntfFixup.ResolveReference
 0001:000371D8       Classes.TReader.BeginReferences
 0001:00037240       Classes.TReader.CheckValue
 0001:00039AD0       Classes.TReader.CopyValue
 0001:000372A0       Classes.TReader.DefineBinaryProperty
 0001:00037264       Classes.TReader.DefineProperty
 0001:0003719C       Classes.TReader.Destroy
 0001:00037524       Classes.TReader.DoFixupReferences
 0001:00037388       Classes.TReader.EndOfList
 0001:0003739C       Classes.TReader.EndReferences
 0001:000373B8       Classes.TReader.Error
 0001:00039DAC       Classes.TReader.FindAncestorComponent
 0001:00039EA4       Classes.TReader.FindComponentClass
 0001:0003744C       Classes.TReader.FindMethod
 0001:000373DC       Classes.TReader.FindMethodInstance
 0001:00037668       Classes.TReader.FixupReferences
 0001:000376A0       Classes.TReader.FlushBuffer
 0001:000376C4       Classes.TReader.FreeFixups
 0001:00037700       Classes.TReader.GetFieldClass
 0001:00037794       Classes.TReader.GetPosition
 0001:000377AC       Classes.TReader.NextValue
 0001:000377BC       Classes.TReader.PropertyError
 0001:000377D0       Classes.TReader.Read
 0001:00037858       Classes.TReader.ReadBoolean
 0001:0003781C       Classes.TReader.ReadBuffer
 0001:0003786C       Classes.TReader.ReadChar
 0001:00037960       Classes.TReader.ReadCollection
 0001:00037E2C       Classes.TReader.ReadComponent
 0001:000391A0       Classes.TReader.ReadComponents
 0001:0003826C       Classes.TReader.ReadCurrency
 0001:0003806C       Classes.TReader.ReadData
 0001:000380DC       Classes.TReader.ReadDataInner
 0001:000382BC       Classes.TReader.ReadDate
 0001:000381E4       Classes.TReader.ReadDouble
 0001:000381AC       Classes.TReader.ReadFloat
 0001:00038300       Classes.TReader.ReadIdent
 0001:00038504       Classes.TReader.ReadInt64
 0001:00038498       Classes.TReader.ReadInteger
 0001:00038548       Classes.TReader.ReadListBegin
 0001:00038550       Classes.TReader.ReadListEnd
 0001:00038558       Classes.TReader.ReadPrefix
 0001:00038684       Classes.TReader.ReadProperty
 0001:00038AA0       Classes.TReader.ReadPropValue
 0001:00038E6C       Classes.TReader.ReadRootComponent
 0001:00039290       Classes.TReader.ReadSet
 0001:0003934C       Classes.TReader.ReadSignature
 0001:00038228       Classes.TReader.ReadSingle
 0001:00039370       Classes.TReader.ReadStr
 0001:00039400       Classes.TReader.ReadString
 0001:00039628       Classes.TReader.ReadValue
 0001:0003A128       Classes.TReader.ReadVariant
 0001:00037900       Classes.TReader.ReadWideChar
 0001:000394E8       Classes.TReader.ReadWideString
 0001:00039E64       Classes.TReader.ReferenceName
 0001:00039E7C       Classes.TReader.SetName
 0001:0003963C       Classes.TReader.SetPosition
 0001:00039F18       Classes.TReader.SkipBytes
 0001:00039D00       Classes.TReader.SkipComponent
 0001:00039CB8       Classes.TReader.SkipProperty
 0001:0003965C       Classes.TReader.SkipSetBody
 0001:00039764       Classes.TReader.SkipValue
 0001:000305C8       Classes.TRegGroup.AddClass
 0001:000305D4       Classes.TRegGroup.BestClass
 0001:00030634       Classes.TRegGroup.BestGroup
 0001:000306A4       Classes.TRegGroup.Create
 0001:00030700       Classes.TRegGroup.Destroy
 0001:00030740       Classes.TRegGroup.GetClass
 0001:00030790       Classes.TRegGroup.GetClasses
 0001:000307D8       Classes.TRegGroup.IndexOfClass
 0001:00030850       Classes.TRegGroup.InGroup
 0001:00030894       Classes.TRegGroup.RegisterClass
 0001:00030948       Classes.TRegGroup.RegisterClassAlias
 0001:00030980       Classes.TRegGroup.Registered
 0001:00030998       Classes.TRegGroup.UnregisterClass
 0001:000309F8       Classes.TRegGroup.UnregisterModuleClasses
 0001:00030B38       Classes.TRegGroups.Activate
 0001:00030B84       Classes.TRegGroups.AddClass
 0001:00030BA4       Classes.TRegGroups.Create
 0001:00030C18       Classes.TRegGroups.Destroy
 0001:00030C78       Classes.TRegGroups.FindGroup
 0001:00030CBC       Classes.TRegGroups.GetClass
 0001:00030D00       Classes.TRegGroups.GroupedWith
 0001:00030DA4       Classes.TRegGroups.GroupWith
 0001:00030E78       Classes.TRegGroups.Lock
 0001:00030E84       Classes.TRegGroups.RegisterClass
 0001:00030E9C       Classes.TRegGroups.RegisterClassAlias
 0001:00030EBC       Classes.TRegGroups.Registered
 0001:00030F00       Classes.TRegGroups.StartGroup
 0001:00030F50       Classes.TRegGroups.Unlock
 0001:00030F5C       Classes.TRegGroups.UnregisterClass
 0001:00030F8C       Classes.TRegGroups.UnregisterModuleClasses
 0001:000365CC       Classes.TResourceStream.Create
 0001:00036624       Classes.TResourceStream.CreateFromID
 0001:00036784       Classes.TResourceStream.Destroy
 0001:00036718       Classes.TResourceStream.Initialize
 0001:000367B4       Classes.TResourceStream.Write
 0001:00035A08       Classes.TStream.CopyFrom
 0001:00035E70       Classes.TStream.FixupResourceHeader
 0001:00035744       Classes.TStream.GetPosition
 0001:00035778       Classes.TStream.GetSize
 0001:0002A478       Classes.TStream.Read
 0001:00035998       Classes.TStream.ReadBuffer
 0001:00035AFC       Classes.TStream.ReadComponent
 0001:00035BC0       Classes.TStream.ReadComponentRes
 0001:00035F68       Classes.TStream.ReadResHeader
 0001:00035928       Classes.TStream.Seek
 0001:000358A4       Classes.TStream.Seek
 0001:00035764       Classes.TStream.SetPosition
 0001:000357DC       Classes.TStream.SetSize
 0001:000357C4       Classes.TStream.SetSize
 0001:000357C8       Classes.TStream.SetSize64
 0001:0002A480       Classes.TStream.Write
 0001:000359D0       Classes.TStream.WriteBuffer
 0001:00035B5C       Classes.TStream.WriteComponent
 0001:00035BDC       Classes.TStream.WriteComponentRes
 0001:00035B64       Classes.TStream.WriteDescendent
 0001:00035F34       Classes.TStream.WriteDescendentRes
 0001:00035BE4       Classes.TStream.WriteResourceHeader
 0001:0003F18C       Classes.TStreamAdapter.Clone
 0001:0003F0E0       Classes.TStreamAdapter.Commit
 0001:0003EED8       Classes.TStreamAdapter.CopyTo
 0001:0003EC9C       Classes.TStreamAdapter.Create
 0001:0003ECE8       Classes.TStreamAdapter.Destroy
 0001:0003F0F8       Classes.TStreamAdapter.LockRegion
 0001:0003ED20       Classes.TStreamAdapter.Read
 0001:0003F0EC       Classes.TStreamAdapter.Revert
 0001:0003EDF0       Classes.TStreamAdapter.Seek
 0001:0003EE74       Classes.TStreamAdapter.SetSize
 0001:0003F110       Classes.TStreamAdapter.Stat
 0001:0003F104       Classes.TStreamAdapter.UnlockRegion
 0001:0003ED88       Classes.TStreamAdapter.Write
 0001:0003502C       Classes.TStringList.Add
 0001:0003503C       Classes.TStringList.AddObject
 0001:000350A0       Classes.TStringList.Changed
 0001:000350BC       Classes.TStringList.Changing
 0001:000350D8       Classes.TStringList.Clear
 0001:00035684       Classes.TStringList.CompareStrings
 0001:000356A0       Classes.TStringList.Create
 0001:000356D8       Classes.TStringList.Create
 0001:0003564C       Classes.TStringList.CustomSort
 0001:00035140       Classes.TStringList.Delete
 0001:00034FA8       Classes.TStringList.Destroy
 0001:000351C0       Classes.TStringList.Exchange
 0001:0003521C       Classes.TStringList.ExchangeItems
 0001:00035240       Classes.TStringList.Find
 0001:000352C4       Classes.TStringList.Get
 0001:000352F4       Classes.TStringList.GetCapacity
 0001:000352F8       Classes.TStringList.GetCount
 0001:000352FC       Classes.TStringList.GetObject
 0001:00035320       Classes.TStringList.Grow
 0001:00035354       Classes.TStringList.IndexOf
 0001:00035390       Classes.TStringList.Insert
 0001:000353F4       Classes.TStringList.InsertItem
 0001:000353A0       Classes.TStringList.InsertObject
 0001:00035470       Classes.TStringList.Put
 0001:000354C8       Classes.TStringList.PutObject
 0001:00035504       Classes.TStringList.QuickSort
 0001:0003559C       Classes.TStringList.SetCapacity
 0001:0003571C       Classes.TStringList.SetCaseSensitive
 0001:000355DC       Classes.TStringList.SetSorted
 0001:000355FC       Classes.TStringList.SetUpdateState
 0001:0003563C       Classes.TStringList.Sort
 0001:0003399C       Classes.TStrings.Add
 0001:000339C0       Classes.TStrings.AddObject
 0001:000339F0       Classes.TStrings.AddStrings
 0001:000339E4       Classes.TStrings.Append
 0001:00033AA8       Classes.TStrings.Assign
 0001:00033B64       Classes.TStrings.BeginUpdate
 0001:00029700       Classes.TStrings.Clear
 0001:00034F60       Classes.TStrings.CompareStrings
 0001:00033BD4       Classes.TStrings.DefineProperties
 0001:00029708       Classes.TStrings.Delete
 0001:0003396C       Classes.TStrings.Destroy
 0001:00033C2C       Classes.TStrings.EndUpdate
 0001:00033C40       Classes.TStrings.Equals
 0001:00033CEC       Classes.TStrings.Error
 0001:00033D24       Classes.TStrings.Error
 0001:00033D7C       Classes.TStrings.Exchange
 0001:00033E68       Classes.TStrings.GetCapacity
 0001:00033E70       Classes.TStrings.GetCommaText
 0001:00033F08       Classes.TStrings.GetDelimitedText
 0001:00034E4C       Classes.TStrings.GetDelimiter
 0001:00034178       Classes.TStrings.GetEnumerator
 0001:00034E68       Classes.TStrings.GetLineBreak
 0001:00034F6C       Classes.TStrings.GetNameValueSeparator
 0001:00034188       Classes.TStrings.GetObject
 0001:00034EA4       Classes.TStrings.GetQuoteChar
 0001:00034EC0       Classes.TStrings.GetStrictDelimiter
 0001:0003418C       Classes.TStrings.GetText
 0001:000341E0       Classes.TStrings.GetTextStr
 0001:00034378       Classes.TStrings.IndexOf
 0001:00034404       Classes.TStrings.IndexOfName
 0001:000344D8       Classes.TStrings.IndexOfObject
 0001:00029710       Classes.TStrings.Insert
 0001:0003450C       Classes.TStrings.InsertObject
 0001:0003453C       Classes.TStrings.LoadFromFile
 0001:00034590       Classes.TStrings.LoadFromFile
 0001:000345F8       Classes.TStrings.LoadFromStream
 0001:000345EC       Classes.TStrings.LoadFromStream
 0001:000346EC       Classes.TStrings.Move
 0001:0003479C       Classes.TStrings.Put
 0001:000347CC       Classes.TStrings.PutObject
 0001:000347D0       Classes.TStrings.ReadData
 0001:00034880       Classes.TStrings.SaveToFile
 0001:00034890       Classes.TStrings.SaveToFile
 0001:00034900       Classes.TStrings.SaveToStream
 0001:000348F0       Classes.TStrings.SaveToStream
 0001:000349B8       Classes.TStrings.SetCapacity
 0001:000349BC       Classes.TStrings.SetCommaText
 0001:00034C9C       Classes.TStrings.SetDelimitedText
 0001:00034ED8       Classes.TStrings.SetDelimiter
 0001:00034EF8       Classes.TStrings.SetLineBreak
 0001:00034F88       Classes.TStrings.SetNameValueSeparator
 0001:00034F24       Classes.TStrings.SetQuoteChar
 0001:00034F44       Classes.TStrings.SetStrictDelimiter
 0001:000349E4       Classes.TStrings.SetStringsAdapter
 0001:00034A18       Classes.TStrings.SetText
 0001:00034A68       Classes.TStrings.SetTextStr
 0001:00034C14       Classes.TStrings.SetUpdateState
 0001:00034C18       Classes.TStrings.WriteData
 0001:000338F4       Classes.TStringsEnumerator.Create
 0001:00033938       Classes.TStringsEnumerator.GetCurrent
 0001:00033950       Classes.TStringsEnumerator.MoveNext
 0004:00004F54       Classes.TThread.$ClassInitFlag
 0001:0003CF78       Classes.TThread.AfterConstruction
 0001:0003D020       Classes.TThread.CallOnTerminate
 0001:0003CF8C       Classes.TThread.CheckThreadError
 0001:0003D008       Classes.TThread.CheckThreadError
 0001:0003CDD8       Classes.TThread.Create
 0002:0000023C       Classes.TThread.Create@
 0001:0003CEDC       Classes.TThread.Destroy
 0001:0003CF50       Classes.TThread.Destroy@
 0001:0003D034       Classes.TThread.DoTerminate
 0005:00000008       Classes.TThread.FCurrentThread
 0001:0003D048       Classes.TThread.GetPriority
 0001:0003D084       Classes.TThread.InternalStart
 0001:0003DB1C       Classes.TThread.NameThreadForDebugging
 0001:0003D2B0       Classes.TThread.Queue
 0001:0003D1E4       Classes.TThread.Queue
 0001:0003D15C       Classes.TThread.Queue
 0001:0003D718       Classes.TThread.Queue
 0001:0003D350       Classes.TThread.RemoveQueuedEvents
 0001:0003D950       Classes.TThread.RemoveQueuedEvents
 0001:0003D8AC       Classes.TThread.RemoveQueuedEvents
 0001:0003DA10       Classes.TThread.Resume
 0001:0003D130       Classes.TThread.SetPriority
 0001:0003D964       Classes.TThread.SetSuspended
 0001:0003D97C       Classes.TThread.SpinWait
 0001:0003D998       Classes.TThread.Start
 0001:0003D414       Classes.TThread.StaticQueue
 0001:0003D898       Classes.TThread.StaticSynchronize
 0001:0003D9A0       Classes.TThread.Suspend
 0001:0003D428       Classes.TThread.Synchronize
 0001:0003D7FC       Classes.TThread.Synchronize
 0001:0003D688       Classes.TThread.Synchronize
 0001:0003D620       Classes.TThread.Synchronize
 0001:0003D5EC       Classes.TThread.Synchronize
 0001:0003DA38       Classes.TThread.Terminate
 0001:0003DA5C       Classes.TThread.WaitFor
 0001:00032A34       Classes.TThreadList.Add
 0001:00032ABC       Classes.TThreadList.Clear
 0001:00032964       Classes.TThreadList.Create
 0001:000329B8       Classes.TThreadList.Destroy
 0001:00032B04       Classes.TThreadList.LockList
 0001:00032B18       Classes.TThreadList.Remove
 0001:00032B20       Classes.TThreadList.RemoveItem
 0001:00032B74       Classes.TThreadList.UnlockList
 0001:0003A374       Classes.TWriter.AddAncestor
 0001:0003A3A8       Classes.TWriter.DefineBinaryProperty
 0001:0003A380       Classes.TWriter.DefineProperty
 0001:0003A348       Classes.TWriter.Destroy
 0001:0003A3E4       Classes.TWriter.FindMethodName
 0001:0003A42C       Classes.TWriter.FlushBuffer
 0001:0003CA00       Classes.TWriter.GetLookupInfo
 0001:0003A3D4       Classes.TWriter.GetPosition
 0001:0003A434       Classes.TWriter.SetPosition
 0001:0003A470       Classes.TWriter.SetRoot
 0001:0003A488       Classes.TWriter.Write
 0001:0003A4D4       Classes.TWriter.WriteBinary
 0001:0003A574       Classes.TWriter.WriteBoolean
 0001:0003A55C       Classes.TWriter.WriteBuffer
 0001:0003A588       Classes.TWriter.WriteChar
 0001:0003A628       Classes.TWriter.WriteCollection
 0001:0003A718       Classes.TWriter.WriteComponent
 0001:0003ACC0       Classes.TWriter.WriteCurrency
 0001:0003A86C       Classes.TWriter.WriteData
 0001:0003ACE4       Classes.TWriter.WriteDate
 0001:0003AC2C       Classes.TWriter.WriteDescendent
 0001:0003AC9C       Classes.TWriter.WriteDouble
 0001:0003AC54       Classes.TWriter.WriteFloat
 0001:0003AD08       Classes.TWriter.WriteIdent
 0001:0003ADEC       Classes.TWriter.WriteInteger
 0001:0003AE60       Classes.TWriter.WriteInteger
 0001:0003AEB8       Classes.TWriter.WriteListBegin
 0001:0003AEC0       Classes.TWriter.WriteListEnd
 0001:0003C6C4       Classes.TWriter.WriteMinStr
 0001:0003AEC8       Classes.TWriter.WritePrefix
 0001:0003AF10       Classes.TWriter.WriteProperties
 0001:0003C068       Classes.TWriter.WriteProperty
 0001:0003C59C       Classes.TWriter.WritePropName
 0001:0003C5F0       Classes.TWriter.WriteRootComponent
 0001:0003C5F8       Classes.TWriter.WriteSignature
 0001:0003AC78       Classes.TWriter.WriteSingle
 0001:0003C608       Classes.TWriter.WriteStr
 0001:0003C7F8       Classes.TWriter.WriteString
 0001:0003C910       Classes.TWriter.WriteUTF8Str
 0001:0003C9EC       Classes.TWriter.WriteValue
 0001:0003C1BC       Classes.TWriter.WriteVariant
 0001:0003A5D8       Classes.TWriter.WriteWideChar
 0001:0003C9E4       Classes.TWriter.WriteWideString
 0001:00031918       Classes.UnregisterFindGlobalComponentProc
 0001:000313FC       Classes.UnRegisterModuleClasses
 0003:00000FF8       Classes.UtilWindowClass
 0001:0003CB08       Classes.WaitForSyncEvent
 0003:00000FA0       Classes.WakeMainThread
 0001:00031C4C       Classes.WriteCollection
 0001:0003B898       Classes.WriteCollectionProp
 0001:0003BA34       Classes.WriteFloatProp
 0001:0003BA74       Classes.WriteInt64Prop
 0001:0003BE98       Classes.WriteInterfaceProp
 0001:0003B82C       Classes.WriteIntProp
 0001:0003BF74       Classes.WriteMethodProp
 0001:0003BC84       Classes.WriteObjectProp
 0001:0003B93C       Classes.WriteOrdProp
 0001:0003B740       Classes.WritePropPath
 0001:0003B798       Classes.WriteSet
 0001:0003BAB0       Classes.WriteStrProp
 0001:0003C004       Classes.WriteVariantProp
 0004:00005178       Clipbrd..3
 0004:00005176       Clipbrd.CF_COMPONENT
 0004:00005174       Clipbrd.CF_PICTURE
 0002:00000950       Clipbrd.Clipbrd
 0004:0000517C       Clipbrd.FClipboard
 0001:0006908C       Clipbrd.Finalization
 0004:00005188       ComCtrls..96
 0001:0006A570       ComCtrls..TConversion
 0002:00000A1C       ComCtrls.ComCtrls
 0004:0000518C       ComCtrls.ConversionFormatList
 0001:0006A908       ComCtrls.Finalization
 0001:0006A8A8       ComCtrls.FreeConversionFormatList
 0004:00005194       ComCtrls.FRichEditModule
 0003:00001A54       ComCtrls.RTFConversionFormat
 0004:00005190       ComCtrls.ShellModule
 0001:0006A7F0       ComCtrls.TConversion.ConvertReadStream
 0001:0006A84C       ComCtrls.TConversion.ConvertWriteStream
 0001:0006A7B8       ComCtrls.TConversion.Create
 0003:00001A5C       ComCtrls.TextConversionFormat
 0004:00002C4C       CommCtrl.ComCtl32DLL
 0001:0000B50C       CommCtrl.FlatSB_GetScrollInfo
 0001:0000B514       CommCtrl.FlatSB_GetScrollPos
 0001:0000B51C       CommCtrl.FlatSB_SetScrollInfo
 0001:0000B524       CommCtrl.FlatSB_SetScrollPos
 0001:0000B52C       CommCtrl.FlatSB_SetScrollProp
 0001:0000B444       CommCtrl.ImageList_Add
 0001:0000B4A4       CommCtrl.ImageList_BeginDrag
 0001:0000B49C       CommCtrl.ImageList_Copy
 0001:0000B424       CommCtrl.ImageList_Create
 0001:0000B42C       CommCtrl.ImageList_Destroy
 0001:0000B4B4       CommCtrl.ImageList_DragEnter
 0001:0000B4BC       CommCtrl.ImageList_DragLeave
 0001:0000B4C4       CommCtrl.ImageList_DragMove
 0001:0000B4CC       CommCtrl.ImageList_DragShowNolock
 0001:0000B46C       CommCtrl.ImageList_Draw
 0001:0000B47C       CommCtrl.ImageList_DrawEx
 0001:0000B4AC       CommCtrl.ImageList_EndDrag
 0001:0000B45C       CommCtrl.ImageList_GetBkColor
 0001:0000B4D4       CommCtrl.ImageList_GetDragImage
 0001:0000B48C       CommCtrl.ImageList_GetIcon
 0001:0000B4EC       CommCtrl.ImageList_GetIconSize
 0001:0000B434       CommCtrl.ImageList_GetImageCount
 0001:0000B4FC       CommCtrl.ImageList_GetImageInfo
 0001:0000B494       CommCtrl.ImageList_LoadImage
 0001:0000B4DC       CommCtrl.ImageList_Read
 0001:0000B484       CommCtrl.ImageList_Remove
 0001:0000B474       CommCtrl.ImageList_Replace
 0001:0000B44C       CommCtrl.ImageList_ReplaceIcon
 0001:0000B454       CommCtrl.ImageList_SetBkColor
 0001:0000B4F4       CommCtrl.ImageList_SetIconSize
 0001:0000B43C       CommCtrl.ImageList_SetImageCount
 0001:0000B464       CommCtrl.ImageList_SetOverlayImage
 0001:0000B4E4       CommCtrl.ImageList_Write
 0001:0000B3A4       CommCtrl.InitComCtl
 0001:0000B534       CommCtrl.InitializeFlatSB
 0001:0000B53C       CommCtrl.TaskDialogIndirect
 0004:00002C50       CommCtrl._InitCommonControlsEx
 0004:00002C54       CommCtrl._TaskDialogIndirect
 0001:0000B504       CommCtrl._TrackMouseEvent
 0001:00067230       CommDlg.GetOpenFileName
 0001:00067238       CommDlg.GetSaveFileName
 0001:00041B80       Contnrs..TOrderedList
 0001:00041D98       Contnrs..TStack
 0001:00041E28       Contnrs.TOrderedList.AtLeast
 0001:00041E54       Contnrs.TOrderedList.Count
 0001:00041E5C       Contnrs.TOrderedList.Create
 0001:00041EA0       Contnrs.TOrderedList.Destroy
 0001:00041E34       Contnrs.TOrderedList.Peek
 0001:00041ED0       Contnrs.TOrderedList.PeekItem
 0001:00041E3C       Contnrs.TOrderedList.Pop
 0001:00041EE4       Contnrs.TOrderedList.PopItem
 0001:00041E44       Contnrs.TOrderedList.Push
 0001:00041F04       Contnrs.TStack.PushItem
 0004:00005228       Controls..44
 0001:000803BC       Controls..TBaseDragControlObject
 0001:0008421C       Controls..TControl
 0001:00081048       Controls..TControlActionLink
 0001:00080C30       Controls..TControlCanvas
 0001:00087C2C       Controls..TCustomControl
 0001:00080E74       Controls..TCustomControlAction
 0001:000822FC       Controls..TCustomGestureCollectionItem
 0001:00082B3C       Controls..TCustomGestureEngine
 0001:0008255C       Controls..TCustomGestureManager
 0001:0008A610       Controls..TCustomHint
 0001:0008A3B8       Controls..TCustomHintShowHideThread
 0001:00089F7C       Controls..TCustomHintWindow
 0001:00089AF8       Controls..TCustomListControl
 0001:00089368       Controls..TCustomPanningWindow
 0001:00082D10       Controls..TCustomTouchManager
 0001:00088FF4       Controls..TDockTree
 0001:00088A0C       Controls..TDockZone
 0001:00080558       Controls..TDragControlObject
 0001:00080694       Controls..TDragControlObjectEx
 0001:000807A0       Controls..TDragDockObject
 0001:00080B18       Controls..TDragDockObjectEx
 0001:00088308       Controls..TDragImageList
 0001:0007FEB8       Controls..TDragObject
 0001:00087A5C       Controls..TGraphicControl
 0001:00087E48       Controls..THintWindow
 0001:00088764       Controls..TImageList
 0001:00081934       Controls..TMargins
 0001:00089618       Controls..TMouse
 0001:00081E18       Controls..TPadding
 0001:0008B31C       Controls..TSiteList
 0001:000816CC       Controls..TSizeConstraints
 0001:000832C4       Controls..TTouchManager
 0001:00086598       Controls..TWinControl
 0001:00085FDC       Controls..TWinControlActionLink
 0001:0008BAD0       Controls.AbsMin
 0004:0000525C       Controls.ActiveDrag
 0001:0009284C       Controls.AlignNestedControls
 0001:000927F8       Controls.AlignWork
 0003:00001E68       Controls.AnchorAlign
 0003:00001E5C       Controls.AnimateWindowProc
 0003:00001FE4       Controls.AnimationStyle
 0001:0008ECE4       Controls.BackgroundClipped
 0001:0009D380       Controls.CalcSplitterPos
 0001:0008CB54       Controls.CancelDrag
 0004:00005270       Controls.CanvasList
 0003:00001F20       Controls.CaptureControl
 0001:0008AC34       Controls.ChangeBiDiModeAlignment
 0001:0008C7BC       Controls.CheckUndock
 0001:0009A0B4       Controls.ClientToWindow
 0004:0000522E       Controls.ControlAtom
 0004:00005234       Controls.ControlAtomString
 0002:00000B30       Controls.Controls
 0003:00001F78       Controls.CPan
 0003:00001F74       Controls.CPanOoptions
 0003:00001FA8       Controls.CPanSingleFingerHorizontal
 0003:00001FA0       Controls.CPanSingleFingerVertical
 0003:00001FB0       Controls.CPanWithGutter
 0003:00001FB8       Controls.CPanWithInertia
 0003:00001F90       Controls.CPressAndTap
 0003:00001E64       Controls.CreationControl
 0003:00001F88       Controls.CRotate
 0003:00001F64       Controls.Ctl3DStyles
 0003:00001F98       Controls.CTwoFingerTap
 0003:00001E70       Controls.Cursors
 0001:0008B0FC       Controls.CursorToIdent
 0003:00001F80       Controls.CZoom
 0003:00001E60       Controls.DefaultDockTreeClass
 0001:00093C24       Controls.DestroyChildWindow
 0001:00092AC4       Controls.DoAdjustSize
 0001:0009266C       Controls.DoAlign
 0001:00097F20       Controls.DoCalcConstraints
 0004:00005264       Controls.DockSiteList
 0001:00094B74       Controls.DoControlMsg
 0001:0008C0D0       Controls.DoDragOver
 0001:0009ADAC       Controls.DoFindControlZone
 0001:0009B4D8       Controls.DoFindZone
 0001:0009AE30       Controls.DoForEach
 0001:0009CB50       Controls.DoGetNextLimit
 0001:0009DC8C       Controls.DoneControls
 0001:00092624       Controls.DoPosition
 0001:0009BFFC       Controls.DoPrune
 0001:0009C544       Controls.DoSaveZone
 0001:0009C848       Controls.DoSetNewBounds
 0001:000938A0       Controls.DoWriteDesignSize
 0001:00090278       Controls.DoWriteExplicit
 0001:00090244       Controls.DoWriteIsControl
 0004:00005248       Controls.DragCapture
 0004:0000523C       Controls.DragControl
 0001:0008C830       Controls.DragDone
 0001:0008C080       Controls.DragFindTarget
 0001:0008C054       Controls.DragFindWindow
 0004:00005260       Controls.DragImageList
 0001:0008C494       Controls.DragInit
 0001:0008C604       Controls.DragInitControl
 0004:00005244       Controls.DragInternalObject
 0001:0008BF9C       Controls.DragMessage
 0004:00005240       Controls.DragObject
 0004:0000526C       Controls.DragSave
 0004:00005254       Controls.DragSaveCursor
 0004:0000524C       Controls.DragStartPos
 0004:00005258       Controls.DragThreshold
 0001:0008C1AC       Controls.DragTo
 0001:0009BA7C       Controls.DrawCloseButton
 0001:0009BB10       Controls.DrawGrabberLine
 0001:0009BB9C       Controls.DrawThemedGrabber
 0001:00095090       Controls.DrawThemeEdge
 0003:00001F54       Controls.EdgeStyles
 0001:0009FA18       Controls.Finalization
 0001:0008AD8C       Controls.FindControl
 0001:0008CBA0       Controls.FindDragTarget
 0001:0008CB6C       Controls.FindVCLWindow
 0004:00005274       Controls.FlagControl
 0001:0008CC94       Controls.FreeDeviceContext
 0001:0008CD5C       Controls.FreeDeviceContexts
 0003:00001F6C       Controls.GestureMap
 0001:0008B2B0       Controls.GetCaptureControl
 0001:0009248C       Controls.GetClientSize
 0001:00094130       Controls.GetControlAtPos
 0001:0009CC30       Controls.GetDockAlign
 0001:0008BDF4       Controls.GetDockSiteAtPos
 0001:0008C10C       Controls.GetDropCtl
 0001:0009AADC       Controls.GetLastChildZone
 0001:0008B164       Controls.GetLongHint
 0001:0008B11C       Controls.GetShortHint
 0001:0008B4E0       Controls.GetTopParent
 0001:0009CCAC       Controls.HideZone
 0001:0008B10C       Controls.IdentToCursor
 0003:0000200C       Controls.IMM32DLL
 0001:0009DC78       Controls.Imm32IsIME
 0001:0009DD2C       Controls.InitControls
 0001:0009D844       Controls.InitIMM32
 0001:0008AC48       Controls.InitWndProc
 0003:00001F34       Controls.InnerStyles
 0001:000924F4       Controls.InsertBefore
 0001:0008BBB4       Controls.IsBeforeTargetWindow
 0001:0008BFF4       Controls.IsDelphiHandle
 0001:0009A4F4       Controls.IsOrientationSet
 0001:0008BDB0       Controls.IsSiteChildOfClient
 0001:0008ADE8       Controls.IsVCLControl
 0004:0000521C       Controls.IsVCLControlHook
 0001:0009F06C       Controls.LatestHintWindow
 0001:0008CBEC       Controls.ListAdd
 0001:0008CC14       Controls.ListRemove
 0003:00001FF8       Controls.MakeLast
 0001:000914FC       Controls.MinVar
 0003:00002010       Controls.ModeMap
 0004:00005218       Controls.Mouse
 0001:0008ABF8       Controls.MouseOriginToShiftState
 0001:0008CC64       Controls.MoveWindowOrg
 0004:00005224       Controls.NewStyleControls
 0001:0009A4D8       Controls.NextVisibleZone
 0001:0008AD58       Controls.ObjectFromHWnd
 0003:00001FC0       Controls.Options
 0003:00001FF0       Controls.OrientArray
 0003:00001F44       Controls.OuterStyles
 0003:00001F24       Controls.PaintMessage
 0001:0009A904       Controls.ParentNotLast
 0001:0008B1FC       Controls.PerformBufferedPrintClient
 0001:0008B1AC       Controls.PerformEraseBackground
 0001:0009388C       Controls.PointsEqual
 0004:00005268       Controls.QualifyingSites
 0001:0009B674       Controls.ReadControlName
 0001:0008BF40       Controls.RegisterDockSite
 0004:00005238       Controls.RM_GetObjectInstance
 0001:0008AE18       Controls.SendAppMessage
 0001:0008B2D8       Controls.SetCaptureControl
 0001:0009DBA0       Controls.SetImeMode
 0001:00090D74       Controls.SetParentColor
 0003:00001F2C       Controls.ShowFlags
 0001:0009CD2C       Controls.ShowZone
 0003:00002004       Controls.SizeCursors
 0001:0008B8B4       Controls.TBaseDragControlObject.Assign
 0001:0008B878       Controls.TBaseDragControlObject.Create
 0001:0008B8E0       Controls.TBaseDragControlObject.EndDrag
 0001:0008B90C       Controls.TBaseDragControlObject.Finished
 0001:0009122C       Controls.TControl.ActionChange
 0001:00091620       Controls.TControl.AdjustSize
 0001:00091450       Controls.TControl.AssignTo
 0001:0008F084       Controls.TControl.BeginAutoDrag
 0001:0008F0A0       Controls.TControl.BeginDrag
 0001:0008EB34       Controls.TControl.BringToFront
 0001:0008FC48       Controls.TControl.CalcCursorPos
 0001:0008FE00       Controls.TControl.CalcDockSizes
 0001:0008FB48       Controls.TControl.CanAutoSize
 0001:0008FB4C       Controls.TControl.CanResize
 0001:0008E484       Controls.TControl.Changed
 0001:0008E494       Controls.TControl.ChangeScale
 0001:000908A4       Controls.TControl.CheckNewSize
 0001:00090678       Controls.TControl.Click
 0001:0009185C       Controls.TControl.ClientToParent
 0001:0008E288       Controls.TControl.ClientToScreen
 0001:00090EF0       Controls.TControl.CMBiDiModeChanged
 0001:00090D68       Controls.TControl.CMColorChanged
 0001:0009106C       Controls.TControl.CMDesignHitTest
 0001:00090D50       Controls.TControl.CMEnabledChanged
 0001:000911CC       Controls.TControl.CMFloat
 0001:00090D5C       Controls.TControl.CMFontChanged
 0001:00090E7C       Controls.TControl.CMGesture
 0001:000916AC       Controls.TControl.CMHintShow
 0001:00090F9C       Controls.TControl.CMHitTest
 0001:00091A7C       Controls.TControl.CMMouseActivate
 0001:00090FA4       Controls.TControl.CMMouseEnter
 0001:00091008       Controls.TControl.CMMouseLeave
 0001:00090E0C       Controls.TControl.CMMouseWheel
 0001:00090DE8       Controls.TControl.CMParentBiDiModeChanged
 0001:00090DAC       Controls.TControl.CMParentColorChanged
 0001:00090F48       Controls.TControl.CMParentFontChanged
 0001:00090F0C       Controls.TControl.CMParentShowHintChanged
 0001:00091074       Controls.TControl.CMParentTabletOptionsChanged
 0001:00090F78       Controls.TControl.CMSysFontChanged
 0001:00090D28       Controls.TControl.CMVisibleChanged
 0001:0008FC18       Controls.TControl.ConstrainedResize
 0001:0008D4EC       Controls.TControl.Create
 0001:000910A8       Controls.TControl.CreateFloatingDockSite
 0001:00091128       Controls.TControl.CreateTouchManager
 0001:000906F0       Controls.TControl.DblClick
 0001:0008F580       Controls.TControl.DefaultDockImage
 0001:00090190       Controls.TControl.DefaultHandler
 0001:00090498       Controls.TControl.DefineProperties
 0001:0008FC74       Controls.TControl.DesignWndProc
 0001:0008D634       Controls.TControl.Destroy
 0001:0009132C       Controls.TControl.DoActionChange
 0001:0008FB7C       Controls.TControl.DoCanAutoSize
 0001:0008FBE8       Controls.TControl.DoCanResize
 0001:0008DF34       Controls.TControl.Dock
 0001:0008F36C       Controls.TControl.DockTrackNoTarget
 0001:0008FCA8       Controls.TControl.DoConstrainedResize
 0001:0008FB3C       Controls.TControl.DoConstraintsChange
 0001:0009181C       Controls.TControl.DoContextPopup
 0001:0008E064       Controls.TControl.DoDock
 0001:0008F6CC       Controls.TControl.DoDragMsg
 0001:0008F384       Controls.TControl.DoEndDock
 0001:0008F26C       Controls.TControl.DoEndDrag
 0001:0008F24C       Controls.TControl.DoGesture
 0001:0008F250       Controls.TControl.DoGetGestureOptions
 0001:00091AA0       Controls.TControl.DoMarginChange
 0001:0008F3E0       Controls.TControl.DoMouseActivate
 0001:00090748       Controls.TControl.DoMouseDown
 0001:00090AE4       Controls.TControl.DoMouseUp
 0001:0008F414       Controls.TControl.DoMouseWheel
 0001:0008F4E8       Controls.TControl.DoMouseWheelDown
 0001:0008F534       Controls.TControl.DoMouseWheelUp
 0001:0008F3B0       Controls.TControl.DoStartDock
 0001:0008F22C       Controls.TControl.DoStartDrag
 0001:0008F1B4       Controls.TControl.DragCanceled
 0001:0008F200       Controls.TControl.DragDrop
 0001:0008F1B8       Controls.TControl.Dragging
 0001:0008F1C4       Controls.TControl.DragOver
 0001:0008F6AC       Controls.TControl.DrawDragDockImage
 0001:00091640       Controls.TControl.DrawTextBiDiModeFlags
 0001:00091680       Controls.TControl.DrawTextBiDiModeFlagsReadingOnly
 0001:0008F180       Controls.TControl.EndDrag
 0001:0008F6BC       Controls.TControl.EraseDragDockImage
 0001:0008E944       Controls.TControl.FontChanged
 0001:0008D7F0       Controls.TControl.GetAction
 0001:00091350       Controls.TControl.GetActionLinkClass
 0001:00091AC4       Controls.TControl.GetAlignWithMargins
 0001:0008E11C       Controls.TControl.GetBoundsRect
 0001:0008E1B8       Controls.TControl.GetClientHeight
 0001:0008E1F8       Controls.TControl.GetClientOrigin
 0001:0008E160       Controls.TControl.GetClientRect
 0001:0008E178       Controls.TControl.GetClientWidth
 0001:0008F01C       Controls.TControl.GetControlsAlignment
 0001:0008FDD8       Controls.TControl.GetCustomHint
 0001:0008EC3C       Controls.TControl.GetDeviceContext
 0001:0009153C       Controls.TControl.GetDockEdge
 0001:0008D730       Controls.TControl.GetDragImages
 0001:0008D9E0       Controls.TControl.GetDragMode
 0001:0008D734       Controls.TControl.GetEnabled
 0001:000915EC       Controls.TControl.GetFloating
 0001:00091618       Controls.TControl.GetFloatingDockSiteClass
 0001:0008E854       Controls.TControl.GetLRDockWidth
 0001:0008EAFC       Controls.TControl.GetMouseCapture
 0001:0008D73C       Controls.TControl.GetPalette
 0001:0008D748       Controls.TControl.GetParentComponent
 0001:000908A0       Controls.TControl.GetPopupMenu
 0001:0008E840       Controls.TControl.GetTBDockHeight
 0001:0008E88C       Controls.TControl.GetText
 0001:0008E80C       Controls.TControl.GetTextBuf
 0001:0008E7FC       Controls.TControl.GetTextLen
 0001:0008E818       Controls.TControl.GetUndockHeight
 0001:0008E82C       Controls.TControl.GetUndockWidth
 0001:0008D740       Controls.TControl.HasParent
 0001:0008EEC8       Controls.TControl.Hide
 0001:0009169C       Controls.TControl.InitiateAction
 0001:0008EE00       Controls.TControl.Invalidate
 0001:0008ED6C       Controls.TControl.InvalidateControl
 0001:0008D91C       Controls.TControl.IsAnchorsStored
 0001:0008E9B8       Controls.TControl.IsBiDiModeStored
 0001:00091358       Controls.TControl.IsCaptionStored
 0001:0008EA90       Controls.TControl.IsColorStored
 0001:00091378       Controls.TControl.IsEnabledStored
 0001:0008E998       Controls.TControl.IsFontStored
 0001:000913B8       Controls.TControl.IsHelpContextStored
 0001:00091398       Controls.TControl.IsHintStored
 0001:000913F8       Controls.TControl.IsOnClickStored
 0001:0008F020       Controls.TControl.IsRightToLeft
 0001:0008E9AC       Controls.TControl.IsShowHintStored
 0001:0008D934       Controls.TControl.IsTouchPropertyStored
 0001:000913D8       Controls.TControl.IsVisibleStored
 0001:00091418       Controls.TControl.Loaded
 0001:0008F7BC       Controls.TControl.ManualDock
 0001:0008F9A8       Controls.TControl.ManualFloat
 0001:0008EE14       Controls.TControl.MouseActivate
 0001:00090710       Controls.TControl.MouseDown
 0001:000909F0       Controls.TControl.MouseMove
 0001:00090AAC       Controls.TControl.MouseUp
 0001:0008EE5C       Controls.TControl.MouseWheelHandler
[...]
   150 0001:000D748C   151 0001:000D7495   152 0001:000D749C   155 0001:000D74A4
   156 0001:000D74AD   157 0001:000D74B4   160 0001:000D74BC   161 0001:000D74C8
   162 0001:000D74D5   173 0001:000D74F0   174 0001:000D74F9   175 0001:000D750A
   176 0001:000D7512   177 0001:000D751F   178 0001:000D752A   179 0001:000D753F
   180 0001:000D7547   181 0001:000D7554   182 0001:000D755F   183 0001:000D7577
   184 0001:000D757F   187 0001:000D75E0   188 0001:000D75E7   189 0001:000D75EF
   190 0001:000D75F9   191 0001:000D7603   192 0001:000D760D   193 0001:000D7617
   194 0001:000D761E   197 0001:000D7624   198 0001:000D762B   199 0001:000D763B
   200 0001:000D7643   201 0001:000D7655   202 0001:000D7667   203 0001:000D766E
   208 0001:000D7674   209 0001:000D7683   210 0001:000D768C   212 0001:000D76A2
   213 0001:000D76AE   214 0001:000D76BA   215 0001:000D76C8   217 0001:000D76CE
   218 0001:000D76D4   220 0001:000D76DE   222 0001:000D76EE   223 0001:000D770E
   224 0001:000D771C   225 0001:000D772A   229 0001:000D7734   230 0001:000D774C
   231 0001:000D7755   218 0001:000D775A   234 0001:000D7764   237 0001:000D77A0
   238 0001:000D77AC   239 0001:000D77B5   240 0001:000D77CB   241 0001:000D77D9
   242 0001:000D77E2   243 0001:000D77EA   244 0001:000D77FA   245 0001:000D780A
   246 0001:000D7812   247 0001:000D7825   248 0001:000D782D   250 0001:000D7873

Line numbers for DCPblockciphers(DCPblockciphers.pas) segment .text

   129 0001:000DBA6C   130 0001:000DBA75   131 0001:000DBA83   134 0001:000DBA8C
   135 0001:000DBAB2   132 0001:000DBABD   137 0001:000DBADA   140 0001:000DBAE0
   141 0001:000DBAE9   142 0001:000DBAF0   145 0001:000DBAF8   146 0001:000DBB08
   147 0001:000DBB1A   148 0001:000DBB28   150 0001:000DBB2E   151 0001:000DBB40
   152 0001:000DBB54   156 0001:000DBB5E   157 0001:000DBB71   159 0001:000DBB79
   162 0001:000DBB80   163 0001:000DBB8C   164 0001:000DBB95   165 0001:000DBBAB
   166 0001:000DBBBE   167 0001:000DBBC6   170 0001:000DBC08   171 0001:000DBC14
   172 0001:000DBC1D   173 0001:000DBC33   174 0001:000DBC46   177 0001:000DBC88
   178 0001:000DBC8F   179 0001:000DBC98   181 0001:000DBCB1   182 0001:000DBCC7
   185 0001:000DBD08   186 0001:000DBD0F   187 0001:000DBD24   188 0001:000DBD39
   189 0001:000DBD41   195 0001:000DBD44   196 0001:000DBD54   197 0001:000DBD5D
   198 0001:000DBD73   199 0001:000DBD79   200 0001:000DBD7F   202 0001:000DBD93
   203 0001:000DBDA3   204 0001:000DBDB6   205 0001:000DBDC4   206 0001:000DBDD7
   207 0001:000DBDE7   208 0001:000DBDF7   200 0001:000DBDFA   209 0001:000DBDFF
   211 0001:000DBE09   212 0001:000DBE1D   213 0001:000DBE37   215 0001:000DBE4B
   222 0001:000DBE90   223 0001:000DBEA0   224 0001:000DBEA9   225 0001:000DBEBF
   226 0001:000DBEC5   227 0001:000DBECB   229 0001:000DBEE3   230 0001:000DBEF3
   231 0001:000DBF03   232 0001:000DBF11   233 0001:000DBF24   234 0001:000DBF37
   235 0001:000DBF47   236 0001:000DBF57   227 0001:000DBF5A   237 0001:000DBF5F
   239 0001:000DBF69   240 0001:000DBF7D   241 0001:000DBF97   243 0001:000DBFAB
   250 0001:000DBFF0   251 0001:000DC000   252 0001:000DC009   253 0001:000DC01F
   254 0001:000DC025   255 0001:000DC02B   257 0001:000DC03C   258 0001:000DC04D
   259 0001:000DC05A   260 0001:000DC070   261 0001:000DC07B   262 0001:000DC07F
   263 0001:000DC083   255 0001:000DC086   264 0001:000DC08B   272 0001:000DC0D0
   273 0001:000DC0E0   274 0001:000DC0E9   275 0001:000DC0FF   276 0001:000DC105
   277 0001:000DC10B   279 0001:000DC11C   280 0001:000DC124   281 0001:000DC135
   282 0001:000DC142   283 0001:000DC158   284 0001:000DC161   285 0001:000DC165
   286 0001:000DC169   277 0001:000DC16C   287 0001:000DC171   293 0001:000DC1B4
   294 0001:000DC1C4   295 0001:000DC1CD   296 0001:000DC1E3   297 0001:000DC1E9
   298 0001:000DC1EF   300 0001:000DC203   301 0001:000DC217   302 0001:000DC227
   303 0001:000DC23A   304 0001:000DC24D   305 0001:000DC25D   306 0001:000DC26D
   298 0001:000DC270   307 0001:000DC275   309 0001:000DC27F   310 0001:000DC293
   311 0001:000DC2AD   313 0001:000DC2C1   320 0001:000DC304   321 0001:000DC314
   322 0001:000DC31D   323 0001:000DC333   324 0001:000DC339   325 0001:000DC33F
   327 0001:000DC357   328 0001:000DC367   329 0001:000DC37B   330 0001:000DC38B
   331 0001:000DC39E   332 0001:000DC3B1   333 0001:000DC3C1   334 0001:000DC3D1
   325 0001:000DC3D4   335 0001:000DC3DD   337 0001:000DC3E7   338 0001:000DC3FB
   339 0001:000DC415   341 0001:000DC429   347 0001:000DC46C   348 0001:000DC47C
   349 0001:000DC485   350 0001:000DC49B   351 0001:000DC4A1   352 0001:000DC4A7
   354 0001:000DC4BB   355 0001:000DC4CF   356 0001:000DC4DF   357 0001:000DC4F2
   358 0001:000DC502   359 0001:000DC512   352 0001:000DC515   360 0001:000DC51A
   362 0001:000DC524   363 0001:000DC538   364 0001:000DC552   366 0001:000DC566
   372 0001:000DC5AC   373 0001:000DC5BC   374 0001:000DC5C5   375 0001:000DC5DB
   376 0001:000DC5E1   377 0001:000DC5E7   379 0001:000DC5FB   380 0001:000DC60F
   381 0001:000DC61F   382 0001:000DC632   383 0001:000DC642   384 0001:000DC652
   377 0001:000DC655   385 0001:000DC65A   387 0001:000DC664   388 0001:000DC678
   389 0001:000DC692   391 0001:000DC6A6   398 0001:000DC6EC   399 0001:000DC6FC
   400 0001:000DC705   401 0001:000DC71B   402 0001:000DC721   403 0001:000DC727
   405 0001:000DC73B   406 0001:000DC74C   407 0001:000DC754   408 0001:000DC764
   409 0001:000DC774   410 0001:000DC784   411 0001:000DC794   403 0001:000DC797
   412 0001:000DC79C   414 0001:000DC7A6   415 0001:000DC7B7   416 0001:000DC7BF
   417 0001:000DC7D9   419 0001:000DC7EA   426 0001:000DC830   427 0001:000DC840
   428 0001:000DC849   429 0001:000DC85F   430 0001:000DC865   431 0001:000DC86B
   433 0001:000DC87F   434 0001:000DC890   435 0001:000DC898   436 0001:000DC8A8
   437 0001:000DC8B8   438 0001:000DC8C8   439 0001:000DC8D8   431 0001:000DC8DB
   440 0001:000DC8E0   442 0001:000DC8EA   443 0001:000DC8FB   444 0001:000DC903
   445 0001:000DC91D   447 0001:000DC92E   454 0001:000DC974   455 0001:000DC97D
   456 0001:000DC98B   459 0001:000DC994   460 0001:000DC9BA   457 0001:000DC9C5
   462 0001:000DC9E2   465 0001:000DC9E8   466 0001:000DC9F1   467 0001:000DC9F8
   470 0001:000DCA00   471 0001:000DCA10   472 0001:000DCA22   473 0001:000DCA30
   475 0001:000DCA36   476 0001:000DCA48   477 0001:000DCA5C   481 0001:000DCA66
   482 0001:000DCA79   484 0001:000DCA81   487 0001:000DCA88   488 0001:000DCA94
   489 0001:000DCA9D   490 0001:000DCAB3   491 0001:000DCAC6   492 0001:000DCACE
   495 0001:000DCB10   496 0001:000DCB1C   497 0001:000DCB25   498 0001:000DCB3B
   499 0001:000DCB4E   502 0001:000DCB90   503 0001:000DCB97   504 0001:000DCBA0
   506 0001:000DCBB9   507 0001:000DCBCF   510 0001:000DCC10   511 0001:000DCC17
   512 0001:000DCC2C   513 0001:000DCC41   514 0001:000DCC49   520 0001:000DCC4C
   521 0001:000DCC5C   522 0001:000DCC65   523 0001:000DCC7B   524 0001:000DCC81
   525 0001:000DCC87   527 0001:000DCC9B   528 0001:000DCCAB   529 0001:000DCCBE
   530 0001:000DCCCC   531 0001:000DCCDF   532 0001:000DCCEF   533 0001:000DCCFF
   525 0001:000DCD02   534 0001:000DCD07   536 0001:000DCD11   537 0001:000DCD25
   538 0001:000DCD3F   540 0001:000DCD53   547 0001:000DCD98   548 0001:000DCDA8
   549 0001:000DCDB1   550 0001:000DCDC7   551 0001:000DCDCD   552 0001:000DCDD3
   554 0001:000DCDEB   555 0001:000DCDFB   556 0001:000DCE0B   557 0001:000DCE19
   558 0001:000DCE2C   559 0001:000DCE3F   560 0001:000DCE4F   561 0001:000DCE5F
   552 0001:000DCE62   562 0001:000DCE67   564 0001:000DCE71   565 0001:000DCE85
   566 0001:000DCE9F   568 0001:000DCEB3   575 0001:000DCEF8   576 0001:000DCF08
   577 0001:000DCF11   578 0001:000DCF27   579 0001:000DCF2D   580 0001:000DCF33
   582 0001:000DCF44   583 0001:000DCF55   584 0001:000DCF62   585 0001:000DCF78
   586 0001:000DCF83   587 0001:000DCF87   588 0001:000DCF8B   580 0001:000DCF8E
   589 0001:000DCF93   597 0001:000DCFD8   598 0001:000DCFE8   599 0001:000DCFF1
   600 0001:000DD007   601 0001:000DD00D   602 0001:000DD013   604 0001:000DD024
   605 0001:000DD02C   606 0001:000DD03D   607 0001:000DD04A   608 0001:000DD060
   609 0001:000DD069   610 0001:000DD06D   611 0001:000DD071   602 0001:000DD074
   612 0001:000DD079   618 0001:000DD0BC   619 0001:000DD0CC   620 0001:000DD0D5
   621 0001:000DD0EB   622 0001:000DD0F1   623 0001:000DD0F7   625 0001:000DD10B
   626 0001:000DD11F   627 0001:000DD12F   628 0001:000DD142   629 0001:000DD155
   630 0001:000DD165   631 0001:000DD175   623 0001:000DD178   632 0001:000DD17D
   634 0001:000DD187   635 0001:000DD19B   636 0001:000DD1B5   638 0001:000DD1C9
   645 0001:000DD20C   646 0001:000DD21C   647 0001:000DD225   648 0001:000DD23B
   649 0001:000DD241   650 0001:000DD247   652 0001:000DD25F   653 0001:000DD26F
   654 0001:000DD283   655 0001:000DD293   656 0001:000DD2A6   657 0001:000DD2B9
   658 0001:000DD2C9   659 0001:000DD2D9   650 0001:000DD2DC   660 0001:000DD2E5
   662 0001:000DD2EF   663 0001:000DD303   664 0001:000DD31D   666 0001:000DD331
   672 0001:000DD374   673 0001:000DD384   674 0001:000DD38D   675 0001:000DD3A3
   676 0001:000DD3A9   677 0001:000DD3AF   679 0001:000DD3C3   680 0001:000DD3D7
   681 0001:000DD3E7   682 0001:000DD3FA   683 0001:000DD40A   684 0001:000DD41A
   677 0001:000DD41D   685 0001:000DD422   687 0001:000DD42C   688 0001:000DD440
   689 0001:000DD45A   691 0001:000DD46E   697 0001:000DD4B4   698 0001:000DD4C4
   699 0001:000DD4CD   700 0001:000DD4E3   701 0001:000DD4E9   702 0001:000DD4EF
   704 0001:000DD503   705 0001:000DD517   706 0001:000DD527   707 0001:000DD53A
   708 0001:000DD54A   709 0001:000DD55A   702 0001:000DD55D   710 0001:000DD562
   712 0001:000DD56C   713 0001:000DD580   714 0001:000DD59A   716 0001:000DD5AE
   723 0001:000DD5F4   724 0001:000DD604   725 0001:000DD60D   726 0001:000DD623
   727 0001:000DD629   728 0001:000DD62F   730 0001:000DD643   731 0001:000DD654
   732 0001:000DD65C   733 0001:000DD66C   734 0001:000DD67C   735 0001:000DD68C
   736 0001:000DD69C   728 0001:000DD69F   737 0001:000DD6A4   739 0001:000DD6AE
   740 0001:000DD6BF   741 0001:000DD6C7   742 0001:000DD6E1   744 0001:000DD6F2
   751 0001:000DD738   752 0001:000DD748   753 0001:000DD751   754 0001:000DD767
   755 0001:000DD76D   756 0001:000DD773   758 0001:000DD787   759 0001:000DD798
   760 0001:000DD7A0   761 0001:000DD7B0   762 0001:000DD7C0   763 0001:000DD7D0
   764 0001:000DD7E0   756 0001:000DD7E3   765 0001:000DD7E8   767 0001:000DD7F2
   768 0001:000DD803   769 0001:000DD80B   770 0001:000DD825   772 0001:000DD836
   774 0001:000DD883

Line numbers for DCPrijndael(DCPrijndael.pas) segment .text

    59 0001:000E1708    60 0001:000E1711    61 0001:000E1718    64 0001:000E1720
    65 0001:000E1729    66 0001:000E1730    69 0001:000E1738    70 0001:000E1744
    71 0001:000E1751    98 0001:000E1778    99 0001:000E1782   100 0001:000E1793
   101 0001:000E17A7   102 0001:000E17B7   103 0001:000E17CC   104 0001:000E17DA
   105 0001:000E17E2   106 0001:000E1807   107 0001:000E181B   108 0001:000E182B
   109 0001:000E1850   110 0001:000E185E   111 0001:000E1866   112 0001:000E188B
   113 0001:000E189F   114 0001:000E18AF   115 0001:000E18D4   116 0001:000E18E2
   117 0001:000E18EA   118 0001:000E190F   119 0001:000E1917   124 0001:000E1920
   125 0001:000E192C   126 0001:000E1941   129 0001:000E19AA   125 0001:000E19AD
   130 0001:000E19B2   136 0001:000E19B8   137 0001:000E19C7   139 0001:000E19D6
   140 0001:000E19E5   141 0001:000E19F3   143 0001:000E19F9   144 0001:000E1A00
   146 0001:000E1A09   148 0001:000E1A0F   149 0001:000E1A16   153 0001:000E1A1F
   154 0001:000E1A26   156 0001:000E1A2D   157 0001:000E1A36   158 0001:000E1A3B
   159 0001:000E1A40   164 0001:000E1A49   165 0001:000E1A65   166 0001:000E1A68
   162 0001:000E1A6B   168 0001:000E1A79   170 0001:000E1A7F   171 0001:000E1A84
   160 0001:000E1A87   174 0001:000E1A98   177 0001:000E1AA2   178 0001:000E1AB3
   179 0001:000E1AC4   180 0001:000E1AD5   181 0001:000E1AE6   182 0001:000E1AF3
   183 0001:000E1AF6   185 0001:000E1AFC   186 0001:000E1B12   185 0001:000E1B27
   190 0001:000E1B31   191 0001:000E1B45   190 0001:000E1B5A   192 0001:000E1B5F
   193 0001:000E1B78   194 0001:000E1B91   195 0001:000E1BAA   196 0001:000E1BC3
   197 0001:000E1BD8   196 0001:000E1BED   199 0001:000E1BF2   204 0001:000E1BFB
   205 0001:000E1C17   206 0001:000E1C1A   202 0001:000E1C1D   208 0001:000E1C2B
   210 0001:000E1C31   211 0001:000E1C34   200 0001:000E1C39   175 0001:000E1C4A
   215 0001:000E1C57   216 0001:000E1C70   217 0001:000E1C85   216 0001:000E1C9F
   218 0001:000E1CA4   221 0001:000E1CA8   222 0001:000E1CAF   223 0001:000E1CB7
   224 0001:000E1CC9   225 0001:000E1CDD   226 0001:000E1CE5   233 0001:000E1CE8
   234 0001:000E1CF7   236 0001:000E1D04   237 0001:000E1D0E   238 0001:000E1D1B
   239 0001:000E1D28   241 0001:000E1D35   243 0001:000E1D51   244 0001:000E1D68
   245 0001:000E1D7F   246 0001:000E1D96   247 0001:000E1DAD   251 0001:000E1DEA
   255 0001:000E1E27   259 0001:000E1E64   263 0001:000E1EA1   241 0001:000E1EA4
   265 0001:000E1EAD   266 0001:000E1EC7   267 0001:000E1EE1   268 0001:000E1EFB
   269 0001:000E1F15   270 0001:000E1F24   271 0001:000E1F33   272 0001:000E1F42
   273 0001:000E1F51   274 0001:000E1F60   275 0001:000E1F6F   276 0001:000E1F7E
   277 0001:000E1F8D   278 0001:000E1F9C   279 0001:000E1FAB   280 0001:000E1FBA
   281 0001:000E1FC9   282 0001:000E1FD8   283 0001:000E1FE7   284 0001:000E1FF6
   285 0001:000E2005   286 0001:000E201A   287 0001:000E202F   288 0001:000E2044
   290 0001:000E2059   291 0001:000E2063   292 0001:000E2070   293 0001:000E207D
   294 0001:000E208A   301 0001:000E2090   302 0001:000E209F   304 0001:000E20AC
   305 0001:000E20B6   306 0001:000E20C3   307 0001:000E20D0   308 0001:000E20DD
   310 0001:000E20EF   311 0001:000E2109   312 0001:000E2123   313 0001:000E213D
   314 0001:000E2157   318 0001:000E2194   322 0001:000E21D1   326 0001:000E220E
   330 0001:000E224B   308 0001:000E224E   331 0001:000E2258   332 0001:000E226B
   333 0001:000E227E   334 0001:000E2291   335 0001:000E22A4   336 0001:000E22B2
   337 0001:000E22C0   338 0001:000E22CE   339 0001:000E22DC   340 0001:000E22EA
   341 0001:000E22F8   342 0001:000E2306   343 0001:000E2314   344 0001:000E2322
   345 0001:000E2330   346 0001:000E233E   347 0001:000E234C   348 0001:000E235A
   349 0001:000E2368   350 0001:000E2376   351 0001:000E2384   352 0001:000E2392
   353 0001:000E23A0   354 0001:000E23AE   355 0001:000E23BC   356 0001:000E23C6
   357 0001:000E23D3   358 0001:000E23E0   359 0001:000E23ED   362 0001:000E23F8

Line numbers for DCPdes(DCPdes.pas) segment .text

    85 0001:000E4268    86 0001:000E4277    87 0001:000E4293    88 0001:000E42B3
    91 0001:000E42BC    92 0001:000E42CB    93 0001:000E42E2    94 0001:000E42EC
    95 0001:000E42FB   100 0001:000E4304   101 0001:000E4313   102 0001:000E4340
   103 0001:000E436E   104 0001:000E4383   105 0001:000E4398   106 0001:000E43AD
   107 0001:000E43C2   108 0001:000E43D7   109 0001:000E43EC   111 0001:000E4421
   112 0001:000E4428   114 0001:000E442D   116 0001:000E4439   117 0001:000E444A
   121 0001:000E445D   122 0001:000E446D   124 0001:000E447D   125 0001:000E4484
   126 0001:000E448B   130 0001:000E44F7   134 0001:000E454D   135 0001:000E4561
   136 0001:000E457A   137 0001:000E458E   138 0001:000E45A8   112 0001:000E45AB
   139 0001:000E45B5   145 0001:000E45BC   146 0001:000E45CB   147 0001:000E45D3
   148 0001:000E45DE   149 0001:000E45EF   150 0001:000E45F5   151 0001:000E45FE
   152 0001:000E460F   153 0001:000E4615   154 0001:000E461E   155 0001:000E462F
   156 0001:000E4635   157 0001:000E463E   158 0001:000E464F   159 0001:000E4655
   160 0001:000E465E   161 0001:000E466E   162 0001:000E4674   163 0001:000E467C
   164 0001:000E468D   165 0001:000E469E   166 0001:000E46A3   168 0001:000E46AD
   169 0001:000E46BC   170 0001:000E46CC   171 0001:000E46DD   179 0001:000E4763
   180 0001:000E4773   181 0001:000E4783   182 0001:000E4794   190 0001:000E481A
   191 0001:000E482A   192 0001:000E483A   193 0001:000E484B   201 0001:000E48D1
   202 0001:000E48E1   203 0001:000E48F1   204 0001:000E4902   212 0001:000E4988
   166 0001:000E498C   214 0001:000E4996   215 0001:000E49A7   216 0001:000E49B8
   217 0001:000E49C8   218 0001:000E49CE   219 0001:000E49D6   220 0001:000E49E7
   221 0001:000E49ED   222 0001:000E49F6   223 0001:000E4A07   224 0001:000E4A0D
   225 0001:000E4A16   226 0001:000E4A27   227 0001:000E4A2D   228 0001:000E4A36
   229 0001:000E4A47   230 0001:000E4A4D   231 0001:000E4A56   232 0001:000E4A5E
   233 0001:000E4A69   239 0001:000E4A70   240 0001:000E4A7F   241 0001:000E4A87
   242 0001:000E4A92   243 0001:000E4AA3   244 0001:000E4AA9   245 0001:000E4AB2
   246 0001:000E4AC3   247 0001:000E4AC9   248 0001:000E4AD2   249 0001:000E4AE3
   250 0001:000E4AE9   251 0001:000E4AF2   252 0001:000E4B03   253 0001:000E4B09
   254 0001:000E4B12   255 0001:000E4B22   256 0001:000E4B28   257 0001:000E4B30
   258 0001:000E4B41   259 0001:000E4B52   260 0001:000E4B59   262 0001:000E4B63
   263 0001:000E4B72   264 0001:000E4B82   265 0001:000E4B93   273 0001:000E4C19
   274 0001:000E4C29   275 0001:000E4C39   276 0001:000E4C4A   284 0001:000E4CD0
   285 0001:000E4CE0   286 0001:000E4CF0   287 0001:000E4D01   295 0001:000E4D87
   296 0001:000E4D97   297 0001:000E4DA7   298 0001:000E4DB8   306 0001:000E4E3E
   260 0001:000E4E42   308 0001:000E4E4C   309 0001:000E4E5D   310 0001:000E4E6E
   311 0001:000E4E7E   312 0001:000E4E84   313 0001:000E4E8C   314 0001:000E4E9D
   315 0001:000E4EA3   316 0001:000E4EAC   317 0001:000E4EBD   318 0001:000E4EC3
   319 0001:000E4ECC   320 0001:000E4EDD   321 0001:000E4EE3   322 0001:000E4EEC
   323 0001:000E4EFD   324 0001:000E4F03   325 0001:000E4F0C   326 0001:000E4F14
   327 0001:000E4F1F   330 0001:000E4F28   331 0001:000E4F31   332 0001:000E4F38
   335 0001:000E4F40   336 0001:000E4F49   337 0001:000E4F50   340 0001:000E4F58
   341 0001:000E4F64   342 0001:000E4F71   361 0001:000E4F8C   362 0001:000E4F96
   363 0001:000E4FA7   364 0001:000E4FBB   365 0001:000E4FCB   366 0001:000E4FE0
   367 0001:000E4FEE   368 0001:000E5013   369 0001:000E501B   370 0001:000E502F
   371 0001:000E503F   372 0001:000E5064   373 0001:000E5072   374 0001:000E5097
   375 0001:000E509F   376 0001:000E50A7   381 0001:000E50B0   382 0001:000E50BF
   383 0001:000E50CE   384 0001:000E50DF   385 0001:000E50F0   388 0001:000E50F4
   389 0001:000E50FB   390 0001:000E510D   391 0001:000E5115   394 0001:000E5118
   395 0001:000E5127   396 0001:000E5130   397 0001:000E5146   398 0001:000E515B
   401 0001:000E519C   402 0001:000E51AB   403 0001:000E51B4   404 0001:000E51CA
   405 0001:000E51DF   409 0001:000E5220   410 0001:000E5229   411 0001:000E5230
   414 0001:000E5238   415 0001:000E5241   416 0001:000E5248   419 0001:000E5250
   420 0001:000E525C   421 0001:000E5269   435 0001:000E5288   436 0001:000E5292
   437 0001:000E52A3   438 0001:000E52B7   439 0001:000E52C7   440 0001:000E52DC
   441 0001:000E52EA   442 0001:000E530F   443 0001:000E5317   448 0001:000E5320
   449 0001:000E532F   450 0001:000E533E   451 0001:000E534F   452 0001:000E5360
   453 0001:000E5374   454 0001:000E537D   456 0001:000E5393   457 0001:000E53AC
   460 0001:000E53B0   461 0001:000E53B7   462 0001:000E53C9   463 0001:000E53D1
   466 0001:000E53D4   467 0001:000E53E3   468 0001:000E53EC   469 0001:000E5402
   470 0001:000E5417   471 0001:000E542E   472 0001:000E5445   475 0001:000E5488
   476 0001:000E5497   477 0001:000E54A0   478 0001:000E54B6   479 0001:000E54CD
   480 0001:000E54E4   481 0001:000E54F9   484 0001:000E5543

Bound resource files

f:\embarcadero\rad studio\7.0\lib\character.res
f:\embarcadero\rad studio\7.0\lib\Controls.res
f:\embarcadero\rad studio\7.0\lib\Buttons.res
uMain.dfm
FileEncrypt.res
FileEncrypt.drf


Program entry point at 0002:00000CA0
