
 Start         Length     Name                   Class
 0001:00000000 00004820H .text                   CODE
 0002:00000000 00000028H .data                   DATA
 0002:00000028 0000004DH .bss                    BSS


Detailed map of segments

 0001:00000000 00000136 C=CODE     S=.text    G=(none)   M=System   ACBP=A9
 0001:00000138 0000020C C=CODE     S=.text    G=(none)   M=SysInit  ACBP=A9
 0001:00000344 00000036 C=CODE     S=.text    G=(none)   M=SysUtils ACBP=A9
 0001:0000037C 0000000E C=CODE     S=.text    G=(none)   M=SysConst ACBP=A9
 0001:0000038C 00000080 C=CODE     S=.text    G=(none)   M=Windows  ACBP=A9
 0001:0000040C 00000038 C=CODE     S=.text    G=(none)   M=Messages ACBP=A9
 0001:00000444 000000A6 C=CODE     S=.text    G=(none)   M=Classes  ACBP=A9
 0001:000004EC 0000000E C=CODE     S=.text    G=(none)   M=ActiveX  ACBP=A9
 0001:000004FC 0000000E C=CODE     S=.text    G=(none)   M=TypInfo  ACBP=A9
 0001:0000050C 0000000E C=CODE     S=.text    G=(none)   M=Consts   ACBP=A9
 0001:0000051C 0000000E C=CODE     S=.text    G=(none)   M=Graphics ACBP=A9
 0001:0000052C 00000146 C=CODE     S=.text    G=(none)   M=Controls ACBP=A9
 0001:00000674 0000000E C=CODE     S=.text    G=(none)   M=ActnList ACBP=A9
 0001:00000684 0000000E C=CODE     S=.text    G=(none)   M=ImgList  ACBP=A9
 0001:00000694 00000038 C=CODE     S=.text    G=(none)   M=Commctrl ACBP=A9
 0001:000006CC 0000000E C=CODE     S=.text    G=(none)   M=Forms    ACBP=A9
 0001:000006DC 0000000E C=CODE     S=.text    G=(none)   M=MultiMon ACBP=A9
 0001:000006EC 00000038 C=CODE     S=.text    G=(none)   M=Imm      ACBP=A9
 0001:00000724 0000000E C=CODE     S=.text    G=(none)   M=Menus    ACBP=A9
 0001:00000734 0000000E C=CODE     S=.text    G=(none)   M=StdActns ACBP=A9
 0001:00000744 0000000E C=CODE     S=.text    G=(none)   M=StdCtrls ACBP=A9
 0001:00000754 0000000E C=CODE     S=.text    G=(none)   M=Clipbrd  ACBP=A9
 0001:00000764 0000000E C=CODE     S=.text    G=(none)   M=FlatSB   ACBP=A9
 0001:00000774 0000000E C=CODE     S=.text    G=(none)   M=Printers ACBP=A9
 0001:00000784 00000038 C=CODE     S=.text    G=(none)   M=WinSpool ACBP=A9
 0001:000007BC 0000000E C=CODE     S=.text    G=(none)   M=Math     ACBP=A9
 0001:000007CC 0000000E C=CODE     S=.text    G=(none)   M=Dialogs  ACBP=A9
 0001:000007DC 00000038 C=CODE     S=.text    G=(none)   M=CommDlg  ACBP=A9
 0001:00000814 00000038 C=CODE     S=.text    G=(none)   M=Dlgs     ACBP=A9
 0001:0000084C 0000004E C=CODE     S=.text    G=(none)   M=ExtCtrls ACBP=A9
 0001:0000089C 00000C88 C=CODE     S=.text    G=(none)   M=Common   ACBP=A9
 0001:00001524 00000AA8 C=CODE     S=.text    G=(none)   M=Comport  ACBP=A9
 0001:00001FCC 000009B8 C=CODE     S=.text    G=(none)   M=Companel ACBP=A9
 0001:00002984 00000434 C=CODE     S=.text    G=(none)   M=SS2NMsg  ACBP=A9
 0001:00002DB8 0000021C C=CODE     S=.text    G=(none)   M=QueryMsg ACBP=A9
 0001:00002FD4 00000804 C=CODE     S=.text    G=(none)   M=ss2ncomm ACBP=A9
 0001:000037D8 0000015D C=CODE     S=.text    G=(none)   M=SigNET   ACBP=A9
 0002:00000000 00000028 C=DATA     S=.data    G=DGROUP   M=SysInit  ACBP=A9
 0002:00001000 00000018 C=BSS      S=.bss     G=DGROUP   M=SysInit  ACBP=A9
 0002:00001018 00000004 C=BSS      S=.bss     G=DGROUP   M=Windows  ACBP=A9
 0002:0000101C 00000004 C=BSS      S=.bss     G=DGROUP   M=Messages ACBP=A9
 0002:00001020 00000004 C=BSS      S=.bss     G=DGROUP   M=Commctrl ACBP=A9
 0002:00001024 00000004 C=BSS      S=.bss     G=DGROUP   M=Imm      ACBP=A9
 0002:00001028 00000004 C=BSS      S=.bss     G=DGROUP   M=WinSpool ACBP=A9
 0002:0000102C 00000004 C=BSS      S=.bss     G=DGROUP   M=CommDlg  ACBP=A9
 0002:00001030 00000004 C=BSS      S=.bss     G=DGROUP   M=Dlgs     ACBP=A9
 0002:00001034 00000004 C=BSS      S=.bss     G=DGROUP   M=Common   ACBP=A9
 0002:00001038 00000004 C=BSS      S=.bss     G=DGROUP   M=Comport  ACBP=A9
 0002:0000103C 00000004 C=BSS      S=.bss     G=DGROUP   M=Companel ACBP=A9
 0002:00001040 00000004 C=BSS      S=.bss     G=DGROUP   M=SS2NMsg  ACBP=A9
 0002:00001044 00000004 C=BSS      S=.bss     G=DGROUP   M=QueryMsg ACBP=A9
 0002:00001048 00000004 C=BSS      S=.bss     G=DGROUP   M=ss2ncomm ACBP=A9


  Address         Publics by Name

 0002:00001010       .1
 0002:00001038       .2
 0002:0000103C       .2
 0001:00000060       @AfterConstruction
 0001:00000068       @BeforeDestruction
 0001:00000050       @ClassCreate
 0001:00000058       @ClassDestroy
 0001:00000088       @DoneExcept
 0001:00003908       @GetPackageInfoTable
 0001:00000070       @HandleAnyException
 0001:00000078       @HandleFinally
 0001:000002A8       @InitPkg
 0001:000000F0       @LStrAddRef
 0001:000000B0       @LStrArrayClr
 0001:000000B8       @LStrAsg
 0001:000000D8       @LStrCat
 0001:000000E0       @LStrCat3
 0001:000000E8       @LStrCatN
 0001:000000A8       @LStrClr
 0001:000000F8       @LStrDelete
 0001:000000C8       @LStrFromChar
 0001:00000100       @LStrInsert
 0001:000000C0       @LStrLAsg
 0001:000000D0       @LStrLen
 0001:00000108       @LStrPos
 0001:00000090       @PackageLoad
 0001:00003910       @PackageLoad
 0001:00003920       @PackageUnload
 0001:00000098       @PackageUnload
 0001:00000080       @RaiseExcept
 0001:000000A0       @RunError
 0001:000004F4       ActiveX
 0001:0000067C       ActnList
 0001:000013F4       AlignRect
 0001:00000AB8       BinaryToInt
 0001:0000038C       BuildCommDCB
 0001:000004E4       Classes
 0001:0000075C       Clipbrd
 0001:00000394       CloseHandle
 0001:000006C4       Commctrl
 0001:0000080C       CommDlg
 0001:0000151C       Common
 0001:0000297C       Companel
 0001:00001FC4       Comport
 0001:00000514       Consts
 0001:0000066C       Controls
 0001:00000BB0       CreateANDMask
 0001:0000039C       CreateFile
 0001:000007D4       Dialogs
 0001:00000844       Dlgs
 0001:000003CC       DrawText
 0001:00000364       Exception.Create
 0001:00000218       ExitProcessTLS
 0001:000001F0       ExitThreadTLS
 0001:00000894       ExtCtrls
 0001:000004DC       Finalization
 0001:000004EC       Finalization
 0001:000004FC       Finalization
 0001:0000040C       Finalization
 0001:0000050C       Finalization
 0001:000003D4       Finalization
 0001:0000051C       Finalization
 0001:00001F94       Finalization
 0001:00000664       Finalization
 0001:0000037C       Finalization
 0001:0000036C       Finalization
 0001:00000674       Finalization
 0001:00000684       Finalization
 0001:00000694       Finalization
 0001:0000030C       Finalization
 0001:000006CC       Finalization
 0001:000006DC       Finalization
 0001:000006EC       Finalization
 0001:00000724       Finalization
 0001:00000734       Finalization
 0001:00000744       Finalization
 0001:00000754       Finalization
 0001:00000764       Finalization
 0001:00000774       Finalization
 0001:00000784       Finalization
 0001:000007BC       Finalization
 0001:000007CC       Finalization
 0001:000007DC       Finalization
 0001:0000294C       Finalization
 0001:00000814       Finalization
 0001:00000128       Finalization
 0001:00002D80       Finalization
 0001:0000088C       Finalization
 0001:00002F9C       Finalization
 0001:000037A0       Finalization
 0001:000014EC       Finalization
 0001:0000076C       FlatSB
 0001:0000035C       Format
 0001:000006D4       Forms
 0001:00000138       FreeLibrary
 0001:000003A4       GetLastError
 0001:00000140       GetModuleFileName
 0001:00000524       Graphics
 0001:00000918       HexToInt
 0002:0000100C       HInstance
 0001:0000068C       ImgList
 0001:0000071C       Imm
 0001:0000023C       InitializeModule
 0001:000001C8       InitProcessTLS
 0001:00000178       InitThreadTLS
 0001:00000344       IntToStr
 0001:00000A4C       IsBinary
 0001:000009E0       IsBinaryByte
 0001:00000B3C       isBinaryMask
 0001:0000089C       IsHex
 0001:00001468       IsValidNumber
 0001:00000110       LoadResourceModule
 0001:00000148       LocalAlloc
 0001:00000150       LocalFree
 0001:00000DAC       MakeTextReadable
 0001:00000D88       Map
 0001:000007C4       Math
 0001:0000072C       Menus
 0001:0000043C       Messages
 0002:00000000       Module
 0002:00001000       ModuleIsLib
 0002:00001001       ModuleIsPackage
 0001:000006E4       MultiMon
 0001:000012D0       PasDrawText
 0001:00000C44       PCharToString
 0001:000013E0       PlaceAfter
 0001:0000077C       Printers
 0001:00002FCC       QueryMsg
 0001:000003AC       ReadFile
 0001:0000177C       Register
 0001:0000319C       Register
 0001:000023E4       Register
 0001:00000444       RegisterComponents
 0001:00000118       RegisterModule
 0001:000013D0       ResetRect
 0001:000003B4       SetCommState
 0001:000003BC       SetCommTimeouts
 0001:00003930       SigNET
 0001:000037D0       ss2ncomm
 0001:00002DB0       SS2NMsg
 0001:0000073C       StdActns
 0001:0000074C       StdCtrls
 0001:00000CC0       StringToPChar
 0001:00000354       StrLen
 0001:0000034C       StrToInt
 0001:00001348       Substitute
 0001:00000CF8       SubString
 0001:00000384       SysConst
 0001:0000033C       SysInit
 0001:00000130       System
 0001:00000374       SysUtils
 0001:000025DC       TCommsPanel.CloseComms
 0001:00002410       TCommsPanel.Create
 0001:000025A0       TCommsPanel.Destroy
 0001:000026B0       TCommsPanel.fChangeOpen
 0001:0000272C       TCommsPanel.fCheckStat
 0001:000026A4       TCommsPanel.fIsOpen
 0001:0000271C       TCommsPanel.fIsTimedOut
 0001:000024C4       TCommsPanel.fOnInputIndirect
 0001:000026DC       TCommsPanel.fReadAutoAppendCR
 0001:000026BC       TCommsPanel.fReadAutoOpen
 0001:000027F8       TCommsPanel.fReadBuffer
 0001:000028A0       TCommsPanel.fReadCheckInterval
 0001:000026FC       TCommsPanel.fReadEnableTimeOut
 0001:00002684       TCommsPanel.fReadRcvBufferSize
 0001:00002664       TCommsPanel.fReadSendBufferSize
 0001:000025F4       TCommsPanel.fReadSetupString
 0001:00002750       TCommsPanel.fReadText
 0001:00002738       TCommsPanel.fStatus
 0001:000028BC       TCommsPanel.fTimerAction
 0001:000026EC       TCommsPanel.fWriteAutoAppendCR
 0001:000026CC       TCommsPanel.fWriteAutoOpen
 0001:00002814       TCommsPanel.fWriteBuffer
 0001:000028AC       TCommsPanel.fWriteCheckInterval
 0001:0000270C       TCommsPanel.fWriteEnableTimeOut
 0001:00002694       TCommsPanel.fWriteRcvBufferSize
 0001:00002674       TCommsPanel.fWriteSendBufferSize
 0001:00002610       TCommsPanel.fWriteSetupString
 0001:0000276C       TCommsPanel.fWriteText
 0001:0000252C       TCommsPanel.Loaded
 0001:000025E8       TCommsPanel.OpenComms
 0001:0000047C       TComponent.Create
 0001:00000494       TComponent.DefineProperties
 0001:00000484       TComponent.Destroy
 0001:0000049C       TComponent.Loaded
 0001:0000048C       TComponent.Notification
 0001:000004D4       TComponent.QueryInterface
 0001:000004A4       TComponent.ReadState
 0001:000004C4       TComponent.SafeCallException
 0001:000004BC       TComponent.SetName
 0001:000004CC       TComponent.UpdateRegistry
 0001:000004B4       TComponent.ValidateRename
 0001:000004AC       TComponent.WriteState
 0001:00001A00       TComPort.ChangeOpen
 0001:00001BF8       TComPort.CheckInput
 0001:000019D4       TComPort.CloseComms
 0001:00001DA4       TComPort.CopyBuffers
 0001:000017A8       TComPort.Create
 0001:00001840       TComPort.Destroy
 0001:000019F8       TComPort.fIsOK
 0001:00001A18       TComPort.fStatus
 0001:00001CCC       TComPort.fWrite
 0001:00001A10       TComPort.iCheckStat
 0001:000019F0       TComPort.iIsOpen
 0001:0000186C       TComPort.Loaded
 0001:00001890       TComPort.OpenComms
 0001:00000574       TControl.DefineProperties
 0001:0000052C       TControl.GetDragImages
 0001:00000534       TControl.GetEnabled
 0001:00000584       TControl.GetFloating
 0001:0000058C       TControl.GetFloatingDockSiteClass
 0001:00000594       TControl.InitiateAction
 0001:0000057C       TControl.Loaded
 0001:00000544       TControl.Notification
 0001:00000564       TControl.SetBiDiMode
 0001:0000053C       TControl.SetDragMode
 0001:0000055C       TControl.SetEnabled
 0001:0000054C       TControl.SetName
 0001:00000554       TControl.SetParent
 0001:0000056C       TControl.SetParentBiDiMode
 0001:00000654       TCustomControl.Destroy
 0001:0000065C       TCustomControl.PaintWindow
 0001:0000087C       TCustomPanel.AdjustClientRect
 0001:00000884       TCustomPanel.CanAutoSize
 0001:00000864       TCustomPanel.Create
 0001:0000086C       TCustomPanel.CreateParams
 0001:00000874       TCustomPanel.Paint
 0001:0000044C       TList.Add
 0001:00000454       TList.Delete
 0001:0000045C       TList.Get
 0001:00000464       TList.Pack
 0001:00000158       TlsAlloc
 0002:00001014       TlsBuffer
 0001:00000160       TlsFree
 0001:00000168       TlsGetValue
 0002:00001004       TlsIndex
 0002:FFBFA000       TlsLast
 0002:00000018       TlsProc
 0001:00000170       TlsSetValue
 0001:00000038       TObject.AfterConstruction
 0001:00000040       TObject.BeforeDestruction
 0001:00000010       TObject.Create
 0001:00000030       TObject.DefaultHandler
 0001:00000018       TObject.Destroy
 0001:00000048       TObject.Dispatch
 0001:00000020       TObject.Free
 0001:00000008       TObject.FreeInstance
 0001:00000000       TObject.NewInstance
 0001:00000028       TObject.SafeCallException
 0001:0000046C       TPersistent.Assign
 0001:00000474       TPersistent.AssignTo
 0001:00002F14       TQueryMessage.ActionNak
 0001:00002F58       TQueryMessage.ActionTimeOut
 0001:00002E54       TQueryMessage.Create
 0001:00003600       TSS2NCommsPanel.Add
 0001:000031C8       TSS2NCommsPanel.Create
 0001:00003240       TSS2NCommsPanel.Destroy
 0001:00003390       TSS2NCommsPanel.fReadCount
 0001:000032B0       TSS2NCommsPanel.fReadSS2NMessage
 0001:0000339C       TSS2NCommsPanel.fTimerAction
 0001:00003740       TSS2NCommsPanel.Loaded
 0001:0000360C       TSS2NCommsPanel.MyOnAck
 0001:000036C8       TSS2NCommsPanel.MyOnNak
 0001:000035D0       TSS2NCommsPanel.Remove
 0001:00003588       TSS2NCommsPanel.TryToRemoveMessage
 0001:00002BD4       TSS2NMessage.ActionAck
 0001:00002C2C       TSS2NMessage.ActionNak
 0001:00002D0C       TSS2NMessage.ActionTick
 0001:00002C7C       TSS2NMessage.ActionTimeOut
 0001:00002B40       TSS2NMessage.Create
 0001:00002BAC       TSS2NMessage.Destroy
 0001:00002D68       TSS2NMessage.fCanDelete
 0001:00002CE8       TSS2NMessage.Release
 0001:00002CCC       TSS2NMessage.Submit
 0001:0000084C       TTimer.Create
 0001:00000854       TTimer.SetInterval
 0001:0000085C       TTimer.SetOnTimer
 0001:000005A4       TWinControl.AlignControls
 0001:0000064C       TWinControl.AssignTo
 0001:0000063C       TWinControl.CanResize
 0001:00000644       TWinControl.ConstrainedResize
 0001:000005CC       TWinControl.CreateHandle
 0001:000005B4       TWinControl.CreateWindowHandle
 0001:000005AC       TWinControl.CreateWnd
 0001:000005DC       TWinControl.DefaultHandler
 0001:000005C4       TWinControl.DestroyWindowHandle
 0001:000005BC       TWinControl.DestroyWnd
 0001:00000624       TWinControl.GetClientOrigin
 0001:0000062C       TWinControl.GetClientRect
 0001:0000061C       TWinControl.GetControlExtents
 0001:000005F4       TWinControl.GetDeviceContext
 0001:000005FC       TWinControl.Invalidate
 0001:0000059C       TWinControl.ReadState
 0001:0000060C       TWinControl.Repaint
 0001:000005E4       TWinControl.SetBounds
 0001:00000614       TWinControl.SetFocus
 0001:000005EC       TWinControl.ShowControl
 0001:00000604       TWinControl.Update
 0001:00000634       TWinControl.UpdateLastResize
 0001:000005D4       TWinControl.WndProc
 0001:00000504       TypInfo
 0001:00000288       UninitializeModule
 0001:00000120       UnregisterModule
 0001:00000404       Windows
 0001:000007B4       WinSpool
 0001:000003C4       WriteFile
 0001:000013BC       ZeroRect


  Address         Publics by Value

 0002:FFBFA000       TlsLast
 0001:00000000       TObject.NewInstance
 0001:00000008       TObject.FreeInstance
 0001:00000010       TObject.Create
 0001:00000018       TObject.Destroy
 0001:00000020       TObject.Free
 0001:00000028       TObject.SafeCallException
 0001:00000030       TObject.DefaultHandler
 0001:00000038       TObject.AfterConstruction
 0001:00000040       TObject.BeforeDestruction
 0001:00000048       TObject.Dispatch
 0001:00000050       @ClassCreate
 0001:00000058       @ClassDestroy
 0001:00000060       @AfterConstruction
 0001:00000068       @BeforeDestruction
 0001:00000070       @HandleAnyException
 0001:00000078       @HandleFinally
 0001:00000080       @RaiseExcept
 0001:00000088       @DoneExcept
 0001:00000090       @PackageLoad
 0001:00000098       @PackageUnload
 0001:000000A0       @RunError
 0001:000000A8       @LStrClr
 0001:000000B0       @LStrArrayClr
 0001:000000B8       @LStrAsg
 0001:000000C0       @LStrLAsg
 0001:000000C8       @LStrFromChar
 0001:000000D0       @LStrLen
 0001:000000D8       @LStrCat
 0001:000000E0       @LStrCat3
 0001:000000E8       @LStrCatN
 0001:000000F0       @LStrAddRef
 0001:000000F8       @LStrDelete
 0001:00000100       @LStrInsert
 0001:00000108       @LStrPos
 0001:00000110       LoadResourceModule
 0001:00000118       RegisterModule
 0001:00000120       UnregisterModule
 0001:00000128       Finalization
 0001:00000130       System
 0001:00000138       FreeLibrary
 0001:00000140       GetModuleFileName
 0001:00000148       LocalAlloc
 0001:00000150       LocalFree
 0001:00000158       TlsAlloc
 0001:00000160       TlsFree
 0001:00000168       TlsGetValue
 0001:00000170       TlsSetValue
 0001:00000178       InitThreadTLS
 0001:000001C8       InitProcessTLS
 0001:000001F0       ExitThreadTLS
 0001:00000218       ExitProcessTLS
 0001:0000023C       InitializeModule
 0001:00000288       UninitializeModule
 0001:000002A8       @InitPkg
 0001:0000030C       Finalization
 0001:0000033C       SysInit
 0001:00000344       IntToStr
 0001:0000034C       StrToInt
 0001:00000354       StrLen
 0001:0000035C       Format
 0001:00000364       Exception.Create
 0001:0000036C       Finalization
 0001:00000374       SysUtils
 0001:0000037C       Finalization
 0001:00000384       SysConst
 0001:0000038C       BuildCommDCB
 0001:00000394       CloseHandle
 0001:0000039C       CreateFile
 0001:000003A4       GetLastError
 0001:000003AC       ReadFile
 0001:000003B4       SetCommState
 0001:000003BC       SetCommTimeouts
 0001:000003C4       WriteFile
 0001:000003CC       DrawText
 0001:000003D4       Finalization
 0001:00000404       Windows
 0001:0000040C       Finalization
 0001:0000043C       Messages
 0001:00000444       RegisterComponents
 0001:0000044C       TList.Add
 0001:00000454       TList.Delete
 0001:0000045C       TList.Get
 0001:00000464       TList.Pack
 0001:0000046C       TPersistent.Assign
 0001:00000474       TPersistent.AssignTo
 0001:0000047C       TComponent.Create
 0001:00000484       TComponent.Destroy
 0001:0000048C       TComponent.Notification
 0001:00000494       TComponent.DefineProperties
 0001:0000049C       TComponent.Loaded
 0001:000004A4       TComponent.ReadState
 0001:000004AC       TComponent.WriteState
 0001:000004B4       TComponent.ValidateRename
 0001:000004BC       TComponent.SetName
 0001:000004C4       TComponent.SafeCallException
 0001:000004CC       TComponent.UpdateRegistry
 0001:000004D4       TComponent.QueryInterface
 0001:000004DC       Finalization
 0001:000004E4       Classes
 0001:000004EC       Finalization
 0001:000004F4       ActiveX
 0001:000004FC       Finalization
 0001:00000504       TypInfo
 0001:0000050C       Finalization
 0001:00000514       Consts
 0001:0000051C       Finalization
 0001:00000524       Graphics
 0001:0000052C       TControl.GetDragImages
 0001:00000534       TControl.GetEnabled
 0001:0000053C       TControl.SetDragMode
 0001:00000544       TControl.Notification
 0001:0000054C       TControl.SetName
 0001:00000554       TControl.SetParent
 0001:0000055C       TControl.SetEnabled
 0001:00000564       TControl.SetBiDiMode
 0001:0000056C       TControl.SetParentBiDiMode
 0001:00000574       TControl.DefineProperties
 0001:0000057C       TControl.Loaded
 0001:00000584       TControl.GetFloating
 0001:0000058C       TControl.GetFloatingDockSiteClass
 0001:00000594       TControl.InitiateAction
 0001:0000059C       TWinControl.ReadState
 0001:000005A4       TWinControl.AlignControls
 0001:000005AC       TWinControl.CreateWnd
 0001:000005B4       TWinControl.CreateWindowHandle
 0001:000005BC       TWinControl.DestroyWnd
 0001:000005C4       TWinControl.DestroyWindowHandle
 0001:000005CC       TWinControl.CreateHandle
 0001:000005D4       TWinControl.WndProc
 0001:000005DC       TWinControl.DefaultHandler
 0001:000005E4       TWinControl.SetBounds
 0001:000005EC       TWinControl.ShowControl
 0001:000005F4       TWinControl.GetDeviceContext
 0001:000005FC       TWinControl.Invalidate
 0001:00000604       TWinControl.Update
 0001:0000060C       TWinControl.Repaint
 0001:00000614       TWinControl.SetFocus
 0001:0000061C       TWinControl.GetControlExtents
 0001:00000624       TWinControl.GetClientOrigin
 0001:0000062C       TWinControl.GetClientRect
 0001:00000634       TWinControl.UpdateLastResize
 0001:0000063C       TWinControl.CanResize
 0001:00000644       TWinControl.ConstrainedResize
 0001:0000064C       TWinControl.AssignTo
 0001:00000654       TCustomControl.Destroy
 0001:0000065C       TCustomControl.PaintWindow
 0001:00000664       Finalization
 0001:0000066C       Controls
 0001:00000674       Finalization
 0001:0000067C       ActnList
 0001:00000684       Finalization
 0001:0000068C       ImgList
 0001:00000694       Finalization
 0001:000006C4       Commctrl
 0001:000006CC       Finalization
 0001:000006D4       Forms
 0001:000006DC       Finalization
 0001:000006E4       MultiMon
 0001:000006EC       Finalization
 0001:0000071C       Imm
 0001:00000724       Finalization
 0001:0000072C       Menus
 0001:00000734       Finalization
 0001:0000073C       StdActns
 0001:00000744       Finalization
 0001:0000074C       StdCtrls
 0001:00000754       Finalization
 0001:0000075C       Clipbrd
 0001:00000764       Finalization
 0001:0000076C       FlatSB
 0001:00000774       Finalization
 0001:0000077C       Printers
 0001:00000784       Finalization
 0001:000007B4       WinSpool
 0001:000007BC       Finalization
 0001:000007C4       Math
 0001:000007CC       Finalization
 0001:000007D4       Dialogs
 0001:000007DC       Finalization
 0001:0000080C       CommDlg
 0001:00000814       Finalization
 0001:00000844       Dlgs
 0001:0000084C       TTimer.Create
 0001:00000854       TTimer.SetInterval
 0001:0000085C       TTimer.SetOnTimer
 0001:00000864       TCustomPanel.Create
 0001:0000086C       TCustomPanel.CreateParams
 0001:00000874       TCustomPanel.Paint
 0001:0000087C       TCustomPanel.AdjustClientRect
 0001:00000884       TCustomPanel.CanAutoSize
 0001:0000088C       Finalization
 0001:00000894       ExtCtrls
 0001:0000089C       IsHex
 0001:00000918       HexToInt
 0001:000009E0       IsBinaryByte
 0001:00000A4C       IsBinary
 0001:00000AB8       BinaryToInt
 0001:00000B3C       isBinaryMask
 0001:00000BB0       CreateANDMask
 0001:00000C44       PCharToString
 0001:00000CC0       StringToPChar
 0001:00000CF8       SubString
 0001:00000D88       Map
 0001:00000DAC       MakeTextReadable
 0001:000012D0       PasDrawText
 0001:00001348       Substitute
 0001:000013BC       ZeroRect
 0001:000013D0       ResetRect
 0001:000013E0       PlaceAfter
 0001:000013F4       AlignRect
 0001:00001468       IsValidNumber
 0001:000014EC       Finalization
 0001:0000151C       Common
 0001:0000177C       Register
 0001:000017A8       TComPort.Create
 0001:00001840       TComPort.Destroy
 0001:0000186C       TComPort.Loaded
 0001:00001890       TComPort.OpenComms
 0001:000019D4       TComPort.CloseComms
 0001:000019F0       TComPort.iIsOpen
 0001:000019F8       TComPort.fIsOK
 0001:00001A00       TComPort.ChangeOpen
 0001:00001A10       TComPort.iCheckStat
 0001:00001A18       TComPort.fStatus
 0001:00001BF8       TComPort.CheckInput
 0001:00001CCC       TComPort.fWrite
 0001:00001DA4       TComPort.CopyBuffers
 0001:00001F94       Finalization
 0001:00001FC4       Comport
 0001:000023E4       Register
 0001:00002410       TCommsPanel.Create
 0001:000024C4       TCommsPanel.fOnInputIndirect
 0001:0000252C       TCommsPanel.Loaded
 0001:000025A0       TCommsPanel.Destroy
 0001:000025DC       TCommsPanel.CloseComms
 0001:000025E8       TCommsPanel.OpenComms
 0001:000025F4       TCommsPanel.fReadSetupString
 0001:00002610       TCommsPanel.fWriteSetupString
 0001:00002664       TCommsPanel.fReadSendBufferSize
 0001:00002674       TCommsPanel.fWriteSendBufferSize
 0001:00002684       TCommsPanel.fReadRcvBufferSize
 0001:00002694       TCommsPanel.fWriteRcvBufferSize
 0001:000026A4       TCommsPanel.fIsOpen
 0001:000026B0       TCommsPanel.fChangeOpen
 0001:000026BC       TCommsPanel.fReadAutoOpen
 0001:000026CC       TCommsPanel.fWriteAutoOpen
 0001:000026DC       TCommsPanel.fReadAutoAppendCR
 0001:000026EC       TCommsPanel.fWriteAutoAppendCR
 0001:000026FC       TCommsPanel.fReadEnableTimeOut
 0001:0000270C       TCommsPanel.fWriteEnableTimeOut
 0001:0000271C       TCommsPanel.fIsTimedOut
 0001:0000272C       TCommsPanel.fCheckStat
 0001:00002738       TCommsPanel.fStatus
 0001:00002750       TCommsPanel.fReadText
 0001:0000276C       TCommsPanel.fWriteText
 0001:000027F8       TCommsPanel.fReadBuffer
 0001:00002814       TCommsPanel.fWriteBuffer
 0001:000028A0       TCommsPanel.fReadCheckInterval
 0001:000028AC       TCommsPanel.fWriteCheckInterval
 0001:000028BC       TCommsPanel.fTimerAction
 0001:0000294C       Finalization
 0001:0000297C       Companel
 0001:00002B40       TSS2NMessage.Create
 0001:00002BAC       TSS2NMessage.Destroy
 0001:00002BD4       TSS2NMessage.ActionAck
 0001:00002C2C       TSS2NMessage.ActionNak
 0001:00002C7C       TSS2NMessage.ActionTimeOut
 0001:00002CCC       TSS2NMessage.Submit
 0001:00002CE8       TSS2NMessage.Release
 0001:00002D0C       TSS2NMessage.ActionTick
 0001:00002D68       TSS2NMessage.fCanDelete
 0001:00002D80       Finalization
 0001:00002DB0       SS2NMsg
 0001:00002E54       TQueryMessage.Create
 0001:00002F14       TQueryMessage.ActionNak
 0001:00002F58       TQueryMessage.ActionTimeOut
 0001:00002F9C       Finalization
 0001:00002FCC       QueryMsg
 0001:0000319C       Register
 0001:000031C8       TSS2NCommsPanel.Create
 0001:00003240       TSS2NCommsPanel.Destroy
 0001:000032B0       TSS2NCommsPanel.fReadSS2NMessage
 0001:00003390       TSS2NCommsPanel.fReadCount
 0001:0000339C       TSS2NCommsPanel.fTimerAction
 0001:00003588       TSS2NCommsPanel.TryToRemoveMessage
 0001:000035D0       TSS2NCommsPanel.Remove
 0001:00003600       TSS2NCommsPanel.Add
 0001:0000360C       TSS2NCommsPanel.MyOnAck
 0001:000036C8       TSS2NCommsPanel.MyOnNak
 0001:00003740       TSS2NCommsPanel.Loaded
 0001:000037A0       Finalization
 0001:000037D0       ss2ncomm
 0001:00003908       @GetPackageInfoTable
 0001:00003910       @PackageLoad
 0001:00003920       @PackageUnload
 0001:00003930       SigNET
 0002:00000000       Module
 0002:00000018       TlsProc
 0002:00001000       ModuleIsLib
 0002:00001001       ModuleIsPackage
 0002:00001004       TlsIndex
 0002:0000100C       HInstance
 0002:00001010       .1
 0002:00001014       TlsBuffer
 0002:00001038       .2
 0002:0000103C       .2


Line numbers for Comport(ComPort.pas) segment .text

   129 0001:0000177C   130 0001:0000177D   131 0001:00001793   134 0001:000017A8
   135 0001:000017BA   136 0001:000017C3   137 0001:000017D3   138 0001:000017DD
   139 0001:000017E7   140 0001:000017EC   141 0001:000017F3   142 0001:000017FA
   143 0001:00001801   144 0001:0000181F   147 0001:00001840   148 0001:0000184B
   149 0001:00001852   150 0001:00001869   153 0001:0000186C   154 0001:0000186F
   155 0001:00001876   156 0001:00001885   157 0001:0000188C   165 0001:00001890
   166 0001:0000189A   167 0001:000018A1   174 0001:000018A5   175 0001:000018B2
   170 0001:000018B3   177 0001:000018D3   179 0001:000018D8   190 0001:000018F7
   193 0001:00001906   194 0001:0000190D   202 0001:0000191A   203 0001:0000192F
   205 0001:00001936   206 0001:0000193E   208 0001:00001949   209 0001:0000195D
   211 0001:00001964   223 0001:0000196C   224 0001:00001976   225 0001:0000197E
   226 0001:00001986   227 0001:0000198E   228 0001:00001996   229 0001:000019B5
   231 0001:000019BC   242 0001:000019C4   243 0001:000019CB   246 0001:000019D4
   247 0001:000019D7   248 0001:000019EB   252 0001:000019F0   253 0001:000019F7
   257 0001:000019F8   258 0001:000019FF   262 0001:00001A00   263 0001:00001A0F
   268 0001:00001A10   269 0001:00001A15   272 0001:00001A18   273 0001:00001A32
   275 0001:00001A4A   276 0001:00001A7B   277 0001:00001A89   278 0001:00001A97
   279 0001:00001AA5   280 0001:00001AB3   281 0001:00001AC1   282 0001:00001ACF
   283 0001:00001ADD   285 0001:00001B13   291 0001:00001BF8   292 0001:00001C15
   293 0001:00001C1F   294 0001:00001C21   295 0001:00001C29   296 0001:00001C31
   297 0001:00001C4B   299 0001:00001C51   300 0001:00001C53   301 0001:00001C60
   304 0001:00001C76   305 0001:00001C7D   308 0001:00001C7F   310 0001:00001C85
   297 0001:00001C9F   312 0001:00001CC4   319 0001:00001CCC   320 0001:00001CF2
   321 0001:00001CF4   323 0001:00001D05   324 0001:00001D13   325 0001:00001D14
   321 0001:00001D15   326 0001:00001D18   328 0001:00001D2F   329 0001:00001D37
   331 0001:00001D38   332 0001:00001D3F   336 0001:00001D47   337 0001:00001D4F
   338 0001:00001D57   343 0001:00001D9B   348 0001:00001DA4   349 0001:00001DBC
   350 0001:00001DC7   351 0001:00001DD2   353 0001:00001DE0   354 0001:00001DFA
   355 0001:00001E14   351 0001:00001E15   356 0001:00001E18   359 0001:00001E38
   362 0001:00001E57   363 0001:00001E67   364 0001:00001E6E   365 0001:00001E86
   369 0001:00001EA7   370 0001:00001EB7   371 0001:00001EBE   372 0001:00001ED6
   376 0001:00001EF0   377 0001:00001F00   378 0001:00001F07   379 0001:00001F1F
   383 0001:00001F37   384 0001:00001F5C   386 0001:00001FC4   386 0001:00001FCB

Line numbers for Companel(Companel.pas) segment .text

   159 0001:000023E4   160 0001:000023E5   161 0001:000023FB   164 0001:00002410
   165 0001:00002427   166 0001:00002430   167 0001:00002444   168 0001:0000245A
   169 0001:00002466   170 0001:0000247B   171 0001:00002485   172 0001:00002495
   173 0001:000024BC   176 0001:000024C4   177 0001:000024DA   179 0001:00002526
   182 0001:0000252C   184 0001:00002530   186 0001:00002537   187 0001:0000254D
   188 0001:00002565   189 0001:0000257D   191 0001:00002595   192 0001:0000259C
   195 0001:000025A0   196 0001:000025AB   197 0001:000025B6   198 0001:000025C1
   199 0001:000025D8   203 0001:000025DC   204 0001:000025E7   208 0001:000025E8
   209 0001:000025F3   212 0001:000025F4   213 0001:000025FA   214 0001:0000260D
   217 0001:00002610   218 0001:00002630   219 0001:00002660   223 0001:00002664
   224 0001:00002670   228 0001:00002674   229 0001:00002680   233 0001:00002684
   234 0001:00002690   238 0001:00002694   239 0001:000026A0   243 0001:000026A4
   244 0001:000026AF   248 0001:000026B0   249 0001:000026BB   253 0001:000026BC
   254 0001:000026C8   258 0001:000026CC   259 0001:000026D8   263 0001:000026DC
   264 0001:000026E8   268 0001:000026EC   269 0001:000026F8   273 0001:000026FC
   274 0001:00002708   278 0001:0000270C   279 0001:00002718   283 0001:0000271C
   284 0001:0000272B   288 0001:0000272C   289 0001:00002737   292 0001:00002738
   293 0001:0000273E   294 0001:0000274B   297 0001:00002750   298 0001:00002756
   299 0001:00002769   302 0001:0000276C   303 0001:00002793   304 0001:000027A1
   305 0001:000027A9   307 0001:000027F1   310 0001:000027F8   311 0001:000027FE
   312 0001:00002811   315 0001:00002814   316 0001:0000283B   317 0001:00002849
   318 0001:00002851   320 0001:00002899   324 0001:000028A0   325 0001:000028AA
   329 0001:000028AC   330 0001:000028BA   333 0001:000028BC   334 0001:000028C2
   337 0001:000028D3   339 0001:000028DD   341 0001:000028EB   342 0001:000028F1
   346 0001:00002917   347 0001:00002925   350 0001:00002931   351 0001:00002949
   353 0001:0000297C   353 0001:00002983

Line numbers for SigNET(C:\Alvin\Delphi4\Common\SigNET.dpk) segment .text

    39 0001:00003930

Bound resource files

SigNET.RES
SigNET.drf


Program entry point at 0001:00003930
